Archive member included to satisfy reference by file (symbol)

../../../trampoline/tests/lib/libembUnit.a(AssertImpl.o)
                              build/task1_instance1.c.o (assertImplementationInt)
../../../trampoline/tests/lib/libembUnit.a(stdImpl.o)
                              ../../../trampoline/tests/lib/libembUnit.a(AssertImpl.o) (stdimpl_strcpy)
../../../trampoline/tests/lib/libembUnit.a(TestCaller.o)
                              build/task1_instance1.c.o (TestCallerImplement)
../../../trampoline/tests/lib/libembUnit.a(TestCase.o)
                              ../../../trampoline/tests/lib/libembUnit.a(AssertImpl.o) (addFailure)
../../../trampoline/tests/lib/libembUnit.a(TestResult.o)
                              ../../../trampoline/tests/lib/libembUnit.a(TestCase.o) (TestResult_startTest)
../../../trampoline/tests/lib/libembUnit.a(TestRunner.o)
                              build/autosar_tp_s1.c.o (TestRunner_start)
../../../trampoline/tests/lib/libembUnit.a(SchedulingCheck.o)
                              build/task1_instance1.c.o (test_number)
/usr/arm-none-eabi/lib/armv7e-m/libc.a(lib_a-assert.o)
                              build/autosar/tpl_as_timing_protec.c.o (__assert_func)
/usr/arm-none-eabi/lib/armv7e-m/libc.a(lib_a-fiprintf.o)
                              /usr/arm-none-eabi/lib/armv7e-m/libc.a(lib_a-assert.o) (fiprintf)
/usr/arm-none-eabi/lib/armv7e-m/libc.a(lib_a-impure.o)
                              /usr/arm-none-eabi/lib/armv7e-m/libc.a(lib_a-assert.o) (_impure_ptr)
/usr/arm-none-eabi/lib/armv7e-m/libc.a(lib_a-printf.o)
                              build/autosar_tp_s1.c.o (printf)
/usr/arm-none-eabi/lib/armv7e-m/libc.a(lib_a-putchar.o)
                              ../../../trampoline/tests/lib/libembUnit.a(TestRunner.o) (putchar)
/usr/arm-none-eabi/lib/armv7e-m/libc.a(lib_a-puts.o)
                              build/autosar_tp_s1.c.o (puts)
/usr/arm-none-eabi/lib/armv7e-m/libc.a(lib_a-strlen.o)
                              /usr/arm-none-eabi/lib/armv7e-m/libc.a(lib_a-puts.o) (strlen)
/usr/arm-none-eabi/lib/armv7e-m/libc.a(lib_a-vfiprintf.o)
                              /usr/arm-none-eabi/lib/armv7e-m/libc.a(lib_a-fiprintf.o) (_vfiprintf_r)
/usr/arm-none-eabi/lib/armv7e-m/libc.a(lib_a-vfprintf.o)
                              /usr/arm-none-eabi/lib/armv7e-m/libc.a(lib_a-printf.o) (_vfprintf_r)
/usr/arm-none-eabi/lib/armv7e-m/libc.a(lib_a-wsetup.o)
                              /usr/arm-none-eabi/lib/armv7e-m/libc.a(lib_a-vfiprintf.o) (__swsetup_r)
/usr/arm-none-eabi/lib/armv7e-m/libc.a(lib_a-abort.o)
                              /usr/arm-none-eabi/lib/armv7e-m/libc.a(lib_a-assert.o) (abort)
/usr/arm-none-eabi/lib/armv7e-m/libc.a(lib_a-dtoa.o)
                              /usr/arm-none-eabi/lib/armv7e-m/libc.a(lib_a-vfprintf.o) (_dtoa_r)
/usr/arm-none-eabi/lib/armv7e-m/libc.a(lib_a-fflush.o)
                              /usr/arm-none-eabi/lib/armv7e-m/libc.a(lib_a-vfiprintf.o) (_fflush_r)
/usr/arm-none-eabi/lib/armv7e-m/libc.a(lib_a-findfp.o)
                              /usr/arm-none-eabi/lib/armv7e-m/libc.a(lib_a-puts.o) (__sinit)
/usr/arm-none-eabi/lib/armv7e-m/libc.a(lib_a-fputwc.o)
                              /usr/arm-none-eabi/lib/armv7e-m/libc.a(lib_a-vfiprintf.o) (_fputwc_r)
/usr/arm-none-eabi/lib/armv7e-m/libc.a(lib_a-freer.o)
                              /usr/arm-none-eabi/lib/armv7e-m/libc.a(lib_a-wsetup.o) (_free_r)
/usr/arm-none-eabi/lib/armv7e-m/libc.a(lib_a-fvwrite.o)
                              /usr/arm-none-eabi/lib/armv7e-m/libc.a(lib_a-puts.o) (__sfvwrite_r)
/usr/arm-none-eabi/lib/armv7e-m/libc.a(lib_a-fwalk.o)
                              /usr/arm-none-eabi/lib/armv7e-m/libc.a(lib_a-findfp.o) (_fwalk)
/usr/arm-none-eabi/lib/armv7e-m/libc.a(lib_a-locale.o)
                              /usr/arm-none-eabi/lib/armv7e-m/libc.a(lib_a-fputwc.o) (__locale_mb_cur_max)
/usr/arm-none-eabi/lib/armv7e-m/libc.a(lib_a-makebuf.o)
                              /usr/arm-none-eabi/lib/armv7e-m/libc.a(lib_a-wsetup.o) (__smakebuf_r)
/usr/arm-none-eabi/lib/armv7e-m/libc.a(lib_a-mallocr.o)
                              /usr/arm-none-eabi/lib/armv7e-m/libc.a(lib_a-findfp.o) (_malloc_r)
/usr/arm-none-eabi/lib/armv7e-m/libc.a(lib_a-memchr.o)
                              /usr/arm-none-eabi/lib/armv7e-m/libc.a(lib_a-vfiprintf.o) (memchr)
/usr/arm-none-eabi/lib/armv7e-m/libc.a(lib_a-memcpy.o)
                              /usr/arm-none-eabi/lib/armv7e-m/libc.a(lib_a-dtoa.o) (memcpy)
/usr/arm-none-eabi/lib/armv7e-m/libc.a(lib_a-memmove.o)
                              /usr/arm-none-eabi/lib/armv7e-m/libc.a(lib_a-fvwrite.o) (memmove)
/usr/arm-none-eabi/lib/armv7e-m/libc.a(lib_a-memset.o)
                              /usr/arm-none-eabi/lib/armv7e-m/libc.a(lib_a-findfp.o) (memset)
/usr/arm-none-eabi/lib/armv7e-m/libc.a(lib_a-mlock.o)
                              /usr/arm-none-eabi/lib/armv7e-m/libc.a(lib_a-freer.o) (__malloc_lock)
[...]
Memory Configuration

Name             Origin             Length             Attributes
VECTOR           0x08000000         0x00000188         xr
FLASH            0x08000188         0x0000fe78         xr
RAM              0x20000000         0x00030000         xrw
MEMORY_B1        0x60000000         0x00000000         xr
*default*        0x00000000         0xffffffff

Linker script and memory map

LOAD build/os/tpl_os_kernel.c.o
LOAD build/os/tpl_os_timeobj_kernel.c.o
LOAD build/os/tpl_os_action.c.o
LOAD build/os/tpl_os_error.c.o
LOAD build/autosar/tpl_as_action.c.o
LOAD build/autosar/tpl_as_timing_protec.c.o
LOAD build/autosar/tpl_as_protec_hook.c.o
LOAD build/control/tpl_control.c.o
LOAD build/os/tpl_os_os_kernel.c.o
LOAD build/os/tpl_os_os.c.o
LOAD build/os/tpl_os_interrupt_kernel.c.o
LOAD build/os/tpl_os_task_kernel.c.o
LOAD build/os/tpl_os_resource_kernel.c.o
LOAD build/autosar/tpl_as_counter_kernel.c.o
LOAD build/autosar/tpl_as_st_kernel.c.o
LOAD build/autosar/tpl_as_isr_kernel.c.o
LOAD build/autosar/tpl_as_gt_kernel.c.o
LOAD build/autosar_tp_s1.c.o
LOAD build/task1_instance1.c.o
LOAD build/task1_instance2.c.o
LOAD build/task1_instance3.c.o
LOAD build/task2_instance.c.o
LOAD build/task3_instance.c.o
LOAD build/task4_instance.c.o
LOAD build/protection_instance1.c.o
LOAD build/protection_instance2.c.o
LOAD build/autosar_tp_s1/tpl_app_config.c.o
LOAD build/autosar_tp_s1/tpl_dispatch_table.c.o
LOAD build/autosar_tp_s1/tpl_invoque.S.o
LOAD build/autosar_tp_s1/tpl_primary_irq.S.o
LOAD build/autosar_tp_s1/tpl_vectors.c.o
LOAD build/autosar_tp_s1/tpl_external_interrupts.c.o
LOAD build/machines/cortex/tpl_machine_cortex.c.o
LOAD build/machines/cortex/tpl_system_call.S.o
LOAD build/machines/cortex/tpl_ctx_switch.S.o
LOAD build/machines/cortex/tpl_startup.S.o
LOAD build/machines/cortex/armv7/stm32f407/tpl_memory_protection.c.o
LOAD build/machines/cortex/armv7/stm32f407/tpl_machine_stm32f407.c.o
LOAD build/machines/cortex/armv7/stm32f407/startup_stm32f4xx.c.o
LOAD build/machines/cortex/armv7/stm32f407/system_stm32f4xx.c.o
LOAD build/machines/cortex/armv7/stm32f407/handlers_stm32f4xx.c.o
LOAD build/machines/cortex/armv7/stm32f407/STM32F4xx_StdPeriph_Driver/src/stm32f4xx_gpio.c.o
LOAD build/machines/cortex/armv7/stm32f407/STM32F4xx_StdPeriph_Driver/src/stm32f4xx_rcc.c.o
LOAD build/machines/cortex/armv7/stm32f407/STM32F4xx_StdPeriph_Driver/src/stm32f4xx_exti.c.o
LOAD build/machines/cortex/armv7/stm32f407/STM32F4xx_StdPeriph_Driver/src/stm32f4xx_syscfg.c.o
LOAD build/machines/cortex/armv7/stm32f407/STM32F4xx_StdPeriph_Driver/src/misc.c.o
LOAD build/machines/cortex/armv7/stm32f407/stm32f4discovery/stm32f4_discovery.c.o
LOAD build/machines/cortex/armv7/stm32f407/stm32f4discovery/tp.c.o
LOAD ../../../trampoline/tests/lib/libembUnit.a
                0x20020000                _estack = 0x20020000
                0x00000000                _Min_Heap_Size = 0x0
                0x00000400                _Min_Stack_Size = 0x400

.isr_vector     0x08000000      0x188
                0x08000000                . = ALIGN (0x4)
 *(.isr_vector)
 .isr_vector    0x08000000      0x188 build/autosar_tp_s1/tpl_vectors.c.o
                0x08000000                tpl_it_vectors
                0x08000188                . = ALIGN (0x4)
                0x08000188                . = ALIGN (0x4)

ostext          0x08000188     0x3340
 *(.SC_handler)
 *(.EI_handler)
 *(.osCode)
 .osCode        0x08000188      0x96c build/os/tpl_os_kernel.c.o
                0x08000188                tpl_current_os_state
                0x080001dc                tpl_schedule_from_running
                0x08000224                tpl_start_scheduling
                0x0800023c                tpl_start
                0x080002d8                tpl_run_elected
                0x08000370                tpl_block
                0x0800039c                tpl_release
                0x080003d8                tpl_front_proc
                0x08000404                tpl_terminate
                0x08000458                tpl_init_proc
                0x0800048c                tpl_put_preempted_proc
                0x080004ec                tpl_put_new_proc
                0x08000578                tpl_init_os
                0x08000674                tpl_get_internal_resource
                0x08000700                tpl_release_internal_resource
                0x08000750                tpl_call_terminate_task_service
                0x0800078c                tpl_call_terminate_isr2_service
                0x080007e4                tpl_activate_task
                0x08000878                tpl_set_event
                0x08000898                tpl_compare_entries
                0x0800092c                tpl_bubble_up
                0x080009ac                tpl_bubble_down
                0x08000a60                tpl_remove_front_proc
                0x08000ac4                tpl_preempt
 .osCode        0x08000af4      0x37c build/os/tpl_os_timeobj_kernel.c.o
                0x08000af4                tpl_enable_counters
                0x08000b0c                tpl_insert_time_obj
                0x08000bec                tpl_remove_time_obj
                0x08000c60                tpl_counter_tick
 .osCode        0x08000e70       0x5c build/os/tpl_os_action.c.o
                0x08000e70                tpl_action_callback
                0x08000e88                tpl_action_activate_task
 .osCode        0x08000ecc       0x34 build/os/tpl_os_error.c.o
                0x08000ecc                tpl_call_error_hook
 .osCode        0x08000f00      0x140 build/autosar/tpl_as_action.c.o
                0x08000f00                tpl_action_increment_counter
                0x08000f1c                tpl_action_finalize_schedule_table
 .osCode        0x08001040      0x324 build/autosar/tpl_as_timing_protec.c.o
                0x08001040                tpl_watchdog_expiration
                0x080010d4                tpl_tp_reset_watchdogs
                0x08001124                tpl_tp_on_activate_or_release
                0x08001190                tpl_tp_on_terminate_or_wait
                0x08001200                tpl_tp_on_start
                0x080012c8                tpl_tp_on_preempt
 .osCode        0x08001364       0xe4 build/autosar/tpl_as_protec_hook.c.o
                0x08001364                tpl_call_protection_hook
 .osCode        0x08001448       0xdc build/os/tpl_os_os_kernel.c.o
                0x08001448                tpl_get_active_application_mode_service
                0x08001490                tpl_start_os_service
                0x080014fc                tpl_shutdown_os_service
 .osCode        0x08001524      0x1f4 build/os/tpl_os_interrupt_kernel.c.o
                0x08001524                tpl_get_interrupt_lock_status
                0x08001564                tpl_reset_interrupt_lock_status
                0x080015a0                tpl_terminate_isr2_service
                0x080015f4                tpl_null_it
                0x08001608                tpl_enable_all_interrupts_service
                0x08001628                tpl_disable_all_interrupts_service
                0x08001658                tpl_resume_all_interrupts_service
                0x08001690                tpl_suspend_all_interrupts_service
                0x080016b8                tpl_resume_os_interrupts_service
                0x080016f0                tpl_suspend_os_interrupts_service
 .osCode        0x08001718      0x364 build/os/tpl_os_task_kernel.c.o
                0x08001718                tpl_activate_task_service
                0x0800179c                tpl_terminate_task_service
                0x08001824                tpl_chain_task_service
                0x080018f0                tpl_schedule_service
                0x08001988                tpl_get_task_id_service
                0x080019f4                tpl_get_task_state_service
 .osCode        0x08001a7c      0x244 build/os/tpl_os_resource_kernel.c.o
                0x08001a7c                tpl_release_all_resources
                0x08001ad8                tpl_get_resource_service
                0x08001bf0                tpl_release_resource_service
 .osCode        0x08001cc0      0x1e8 build/autosar/tpl_as_counter_kernel.c.o
                0x08001cc0                tpl_increment_counter_service
                0x08001d5c                tpl_get_counter_value_service
                0x08001dd8                tpl_get_elapsed_counter_value_service
 .osCode        0x08001ea8      0x728 build/autosar/tpl_as_st_kernel.c.o
                0x08001ea8                tpl_process_schedtable
                0x08001ffc                tpl_start_schedule_table_rel_service
                0x08002114                tpl_start_schedule_table_abs_service
                0x08002244                tpl_stop_schedule_table_service
                0x080022dc                tpl_next_schedule_table_service
                0x080023d4                tpl_get_schedule_table_status_service
                0x08002454                tpl_min
                0x0800247c                tpl_adjust_next_expiry_point
 .osCode        0x080025d0      0x110 build/autosar/tpl_as_isr_kernel.c.o
                0x080025d0                tpl_disable_isr2_by_user
                0x080025e4                tpl_disable_isr2_by_timing_protection
                0x080025f8                tpl_enable_isr2_by_user
                0x0800260c                tpl_enable_isr2_by_timing_protection
                0x08002620                tpl_is_isr2_enabled
                0x0800263c                tpl_get_isr_id_service
                0x08002698                tpl_disable_interrupt_source_service
                0x080026bc                tpl_enable_interrupt_source_service
 .osCode        0x080026e0      0x324 build/autosar/tpl_as_gt_kernel.c.o
                0x080026e0                tpl_start_sched_table_sync
                0x08002750                tpl_sync_sched_table
                0x080027e0                tpl_start_schedule_table_synchron_service
                0x08002878                tpl_sync_schedule_table_service
                0x08002964                tpl_set_schedule_table_async_service
 .osCode        0x08002a04       0x74 build/autosar_tp_s1.c.o
                0x08002a04                ProtectionHook
 .osCode        0x08002a78       0x48 build/autosar_tp_s1/tpl_app_config.c.o
                0x08002a78                tpl_tick_SysTick
                0x08002ab4                SysTick_Handler
 .osCode        0x08002ac0       0xdc build/autosar_tp_s1/tpl_primary_irq.S.o
                0x08002ae4                tpl_primary_irq_handler_SysTick
 .osCode        0x08002b9c        0xc build/autosar_tp_s1/tpl_external_interrupts.c.o
                0x08002b9c                tpl_init_external_interrupts
 .osCode        0x08002ba8      0x190 build/machines/cortex/tpl_machine_cortex.c.o
                0x08002ba8                tpl_init_context
                0x08002c88                tpl_disable_interrupts
                0x08002c9c                tpl_enable_interrupts
                0x08002cac                tpl_get_task_lock
                0x08002cb8                tpl_release_task_lock
                0x08002cc4                tpl_init_machine
                0x08002cd4                tpl_shutdown
                0x08002ce0                tpl_init_machine_generic
                0x08002cec                tpl_init_machine_specific
                0x08002d1c                tpl_check_stack_footprint
 .osCode        0x08002d38      0x104 build/machines/cortex/tpl_system_call.S.o
                0x08002d38                info_stack_pointer
                0x08002d60                tpl_primary_syscall_handler
 .osCode        0x08002e3c       0xa0 build/machines/cortex/armv7/stm32f407/tpl_machine_stm32f407.c.o
                0x08002e3c                tpl_set_systick_timer
                0x08002e68                tpl_set_tpwatchdog
                0x08002e7c                tpl_cancel_tpwatchdog
                0x08002e90                tpl_get_tptimer
 *(.osApiCode)
 .osApiCode     0x08002edc       0x2c build/os/tpl_os_os.c.o
                0x08002edc                StartOS
 .osApiCode     0x08002f08      0x5c0 build/autosar_tp_s1/tpl_invoque.S.o
                0x08002f08                GetActiveApplicationMode
                0x08002f3a                tpl_start_os
                0x08002f6c                ShutdownOS
                0x08002f9e                EnableAllInterrupts
                0x08002fd0                DisableAllInterrupts
                0x08003002                ResumeAllInterrupts
                0x08003034                SuspendAllInterrupts
                0x08003066                ResumeOSInterrupts
                0x08003098                SuspendOSInterrupts
                0x080030ca                CallTerminateISR2
                0x080030f8                ActivateTask
                0x08003126                TerminateTask
                0x08003154                ChainTask
                0x08003182                Schedule
                0x080031b0                GetTaskID
                0x080031de                GetTaskState
                0x0800320c                CallTerminateTask
                0x0800323a                GetResource
                0x08003268                ReleaseResource
                0x08003296                IncrementCounter
                0x080032c4                GetCounterValue
                0x080032f2                GetElapsedCounterValue
                0x08003320                StartScheduleTableRel
                0x0800334e                StartScheduleTableAbs
                0x0800337c                StopScheduleTable
                0x080033aa                NextScheduleTable
                0x080033d8                GetScheduleTableStatus
                0x08003406                GetISRID
                0x08003434                StartScheduleTableSynchron
                0x08003462                SyncScheduleTable
                0x08003490                SetScheduleTableAsync
 *(.appCommonCode)
                0x080034c8                . = ALIGN (0x4)

osconst         0x080034c8      0x1a8
 *(.osConst)
 .osConst       0x080034c8        0x2 build/os/tpl_os_kernel.c.o
                0x080034c8                INVALID_PROC
                0x080034c9                INVALID_TASK
 *fill*         0x080034ca        0x2 
 .osConst       0x080034cc       0xf4 build/autosar_tp_s1/tpl_app_config.c.o
                0x080034cc                tpl_stat_proc_table
                0x080034e0                tpl_dyn_proc_table
                0x080034f4                tpl_schedtable_table
                0x080034f8                tpl_resource_table
                0x080034fc                tpl_counter_table
                0x08003504                IDLE_TASK_task_stat_desc
                0x08003528                t4_task_stat_desc
                0x0800354c                t1_task_stat_desc
                0x08003570                t2_task_stat_desc
                0x08003594                t3_task_stat_desc
                0x080035b8                sched1_0_0_action
 .osConst       0x080035c0       0x7c build/autosar_tp_s1/tpl_dispatch_table.c.o
                0x080035c0                tpl_dispatch_table
 *(.osApiConst)
 .osApiConst    0x0800363c       0x34 build/autosar_tp_s1/tpl_app_config.c.o
                0x0800363c                proc_name_table
                0x08003650                t4
                0x08003651                t1
                0x08003652                t2
                0x08003653                t3
                0x08003654                Hardware_Counter
                0x08003655                SystemCounter
                0x08003656                sched1
                0x08003658                OSTICKSPERBASE_Hardware_Counter
                0x0800365c                OSMAXALLOWEDVALUE_Hardware_Counter
                0x08003660                OSMINCYCLE_Hardware_Counter
                0x08003664                OSTICKSPERBASE
                0x08003668                OSMAXALLOWEDVALUE
                0x0800366c                OSMINCYCLE
                0x08003670                . = ALIGN (0x4)

apptext         0x08003670       0xa8
                0x08003670                __PROGCONST_SECTION_START = .
                0x08003670                __SEG_START_APP_CODE_CONST_RGN = .
                0x08003670                . = ALIGN (0x4)
 *(.Task_t4Code)
 .Task_t4Code   0x08003670       0x1c build/autosar_tp_s1.c.o
                0x08003670                t4_function
 *(.Task_t1Code)
 .Task_t1Code   0x0800368c       0x64 build/autosar_tp_s1.c.o
                0x0800368c                t1_function
 *(.Task_t2Code)
 .Task_t2Code   0x080036f0       0x14 build/autosar_tp_s1.c.o
                0x080036f0                t2_function
 *(.Task_t3Code)
 .Task_t3Code   0x08003704       0x14 build/autosar_tp_s1.c.o
                0x08003704                t3_function
                0x08003718                . = ALIGN (0x4)

appconst        0x08003718      0x700
 *(.rodata)
 .rodata        0x08003718       0xa7 build/autosar/tpl_as_timing_protec.c.o
 *fill*         0x080037bf        0x1 
 .rodata        0x080037c0       0x64 build/autosar_tp_s1.c.o
 .rodata        0x08003824       0x3e build/task1_instance1.c.o
 *fill*         0x08003862        0x2 
 .rodata        0x08003864       0x3e build/task1_instance2.c.o
 *fill*         0x080038a2        0x2 
 .rodata        0x080038a4       0x3e build/task1_instance3.c.o
 *fill*         0x080038e2        0x2 
 .rodata        0x080038e4       0x3d build/task2_instance.c.o
 *fill*         0x08003921        0x3 
 .rodata        0x08003924       0x3d build/task3_instance.c.o
 *fill*         0x08003961        0x3 
 .rodata        0x08003964       0x3d build/task4_instance.c.o
 *fill*         0x080039a1        0x3 
 .rodata        0x080039a4       0x4a build/protection_instance1.c.o
 *fill*         0x080039ee        0x2 
 .rodata        0x080039f0       0x4a build/protection_instance2.c.o
 *fill*         0x08003a3a        0x2 
 .rodata        0x08003a3c       0x17 build/autosar_tp_s1/tpl_app_config.c.o
 *fill*         0x08003a53        0x1 
 .rodata        0x08003a54        0xc ../../../trampoline/tests/lib/libembUnit.a(TestCaller.o)
                0x08003a54                TestCallerImplement
 .rodata        0x08003a60        0xc ../../../trampoline/tests/lib/libembUnit.a(TestCase.o)
                0x08003a60                TestCaseImplement
 .rodata        0x08003a6c       0x10 ../../../trampoline/tests/lib/libembUnit.a(TestRunner.o)
 *(.rodata*)
 .rodata.__func__.7035
                0x08003a7c       0x1c build/autosar/tpl_as_timing_protec.c.o
 .rodata.__func__.7014
                0x08003a98       0x17 build/autosar/tpl_as_timing_protec.c.o
 *fill*         0x08003aaf        0x1 
 .rodata.__func__.7017
                0x08003ab0       0x17 build/autosar/tpl_as_timing_protec.c.o
 *fill*         0x08003ac7        0x1 
 .rodata.AutosarTPTest.7142
                0x08003ac8       0x18 build/task1_instance1.c.o
 .rodata.fixtures.7141
                0x08003ae0        0x8 build/task1_instance1.c.o
 .rodata.AutosarTPTest.7146
                0x08003ae8       0x18 build/task1_instance2.c.o
 .rodata.fixtures.7145
                0x08003b00        0x8 build/task1_instance2.c.o
 .rodata.AutosarTPTest.7152
                0x08003b08       0x18 build/task1_instance3.c.o
 .rodata.fixtures.7151
                0x08003b20        0x8 build/task1_instance3.c.o
 .rodata.AutosarTPTest.7142
                0x08003b28       0x18 build/task2_instance.c.o
 .rodata.fixtures.7141
                0x08003b40        0x8 build/task2_instance.c.o
 .rodata.AutosarTPTest.7142
                0x08003b48       0x18 build/task3_instance.c.o
 .rodata.fixtures.7141
                0x08003b60        0x8 build/task3_instance.c.o
 .rodata.AutosarTPTest.7141
                0x08003b68       0x18 build/task4_instance.c.o
 .rodata.fixtures.7140
                0x08003b80        0x8 build/task4_instance.c.o
 .rodata.AutosarTPTest.7142
                0x08003b88       0x18 build/protection_instance1.c.o
 .rodata.fixtures.7141
                0x08003ba0        0x8 build/protection_instance1.c.o
 .rodata.AutosarTPTest.7142
                0x08003ba8       0x18 build/protection_instance2.c.o
 .rodata.fixtures.7141
                0x08003bc0        0x8 build/protection_instance2.c.o
 .rodata.OSDEFAULTAPPMODE
                0x08003bc8        0x1 build/autosar_tp_s1/tpl_app_config.c.o
                0x08003bc8                OSDEFAULTAPPMODE
 *fill*         0x08003bc9        0x3 
 .rodata.tpl_task_app_mode
                0x08003bcc        0x4 build/autosar_tp_s1/tpl_app_config.c.o
                0x08003bcc                tpl_task_app_mode
 .rodata.tpl_scheduletable_app_mode
                0x08003bd0        0x1 build/autosar_tp_s1/tpl_app_config.c.o
                0x08003bd0                tpl_scheduletable_app_mode
 *fill*         0x08003bd1        0x3 
 .rodata.str1.4
                0x08003bd4       0x28 ../../../trampoline/tests/lib/libembUnit.a(AssertImpl.o)
                                 0x2a (size before relaxing)
 .rodata.str1.4
                0x08003bfc       0x11 ../../../trampoline/tests/lib/libembUnit.a(stdImpl.o)
 *fill*         0x08003c0d        0x3 
 .rodata.str1.4
                0x08003c10       0x38 ../../../trampoline/tests/lib/libembUnit.a(TestRunner.o)
 .rodata.str1.4
                0x08003c48       0x3f /usr/arm-none-eabi/lib/armv7e-m/libc.a(lib_a-assert.o)
                                 0x43 (size before relaxing)
 *fill*         0x08003c87        0x1 
 .rodata.str1.4
                0x08003c88        0x2 /usr/arm-none-eabi/lib/armv7e-m/libc.a(lib_a-impure.o)
 *fill*         0x08003c8a        0x2 
 .rodata.str1.4
                0x08003c8c        0x2 /usr/arm-none-eabi/lib/armv7e-m/libc.a(lib_a-puts.o)
 *fill*         0x08003c8e        0x2 
 .rodata.blanks.6965
                0x08003c90       0x10 /usr/arm-none-eabi/lib/armv7e-m/libc.a(lib_a-vfiprintf.o)
 .rodata.str1.4
                0x08003ca0       0x1b /usr/arm-none-eabi/lib/armv7e-m/libc.a(lib_a-vfiprintf.o)
                                 0x2f (size before relaxing)
 *fill*         0x08003cbb        0x1 
 .rodata.zeroes.6966
                0x08003cbc       0x10 /usr/arm-none-eabi/lib/armv7e-m/libc.a(lib_a-vfiprintf.o)
 .rodata.zeroes.7023
                0x08003ccc       0x10 /usr/arm-none-eabi/lib/armv7e-m/libc.a(lib_a-vfprintf.o)
 .rodata.blanks.7022
                0x08003cdc       0x10 /usr/arm-none-eabi/lib/armv7e-m/libc.a(lib_a-vfprintf.o)
 .rodata.str1.4
                0x08003cec       0x12 /usr/arm-none-eabi/lib/armv7e-m/libc.a(lib_a-vfprintf.o)
                                 0x42 (size before relaxing)
 *fill*         0x08003cfe        0x2 
 .rodata.str1.4
                0x08003d00       0x10 /usr/arm-none-eabi/lib/armv7e-m/libc.a(lib_a-dtoa.o)
                                 0x12 (size before relaxing)
 .rodata.str1.4
                0x08003d10        0xc /usr/arm-none-eabi/lib/armv7e-m/libc.a(lib_a-locale.o)
                                 0x12 (size before relaxing)
 .rodata.p05.5402
                0x08003d1c        0xc /usr/arm-none-eabi/lib/armv7e-m/libc.a(lib_a-mprec.o)
 .rodata.__mprec_tens
                0x08003d28       0xc8 /usr/arm-none-eabi/lib/armv7e-m/libc.a(lib_a-mprec.o)
                0x08003d28                __mprec_tens
 .rodata.__mprec_bigtens
                0x08003df0       0x28 /usr/arm-none-eabi/lib/armv7e-m/libc.a(lib_a-mprec.o)
                0x08003df0                __mprec_bigtens
                0x08003e18                . = ALIGN (0x4)

procconst       0x08003e18        0x0
 *(.Task_t4_SEC_CONST_32BIT)
 *(.Task_t4_SEC_CALIB_32BIT)
 *(.Task_t4_SEC_CARTO_32BIT)
 *(.Task_t4_SEC_CONFIG_DATA_32BIT)
 *(.Task_t4_SEC_CONST_16BIT)
 *(.Task_t4_SEC_CALIB_16BIT)
 *(.Task_t4_SEC_CARTO_16BIT)
 *(.Task_t4_SEC_CONFIG_DATA_16BIT)
 *(.Task_t4_SEC_CONST_8BIT)
 *(.Task_t4_SEC_CALIB_8BIT)
 *(.Task_t4_SEC_CARTO_8BIT)
 *(.Task_t4_SEC_CONFIG_DATA_8BIT)
 *(.Task_t4_SEC_CONST_BOOLEAN)
 *(.Task_t4_SEC_CALIB_BOOLEAN)
 *(.Task_t4_SEC_CARTO_BOOLEAN)
 *(.Task_t4_SEC_CONFIG_DATA_BOOLEAN)
 *(.Task_t4_SEC_CONST_UNSPECIFIED)
 *(.Task_t4_SEC_CALIB_UNSPECIFIED)
 *(.Task_t4_SEC_CARTO_UNSPECIFIED)
 *(.Task_t4_SEC_CONFIG_DATA_UNSPECIFIED)
 *(.Task_t1_SEC_CONST_32BIT)
 *(.Task_t1_SEC_CALIB_32BIT)
 *(.Task_t1_SEC_CARTO_32BIT)
 *(.Task_t1_SEC_CONFIG_DATA_32BIT)
 *(.Task_t1_SEC_CONST_16BIT)
 *(.Task_t1_SEC_CALIB_16BIT)
 *(.Task_t1_SEC_CARTO_16BIT)
 *(.Task_t1_SEC_CONFIG_DATA_16BIT)
 *(.Task_t1_SEC_CONST_8BIT)
 *(.Task_t1_SEC_CALIB_8BIT)
 *(.Task_t1_SEC_CARTO_8BIT)
 *(.Task_t1_SEC_CONFIG_DATA_8BIT)
 *(.Task_t1_SEC_CONST_BOOLEAN)
 *(.Task_t1_SEC_CALIB_BOOLEAN)
 *(.Task_t1_SEC_CARTO_BOOLEAN)
 *(.Task_t1_SEC_CONFIG_DATA_BOOLEAN)
 *(.Task_t1_SEC_CONST_UNSPECIFIED)
 *(.Task_t1_SEC_CALIB_UNSPECIFIED)
 *(.Task_t1_SEC_CARTO_UNSPECIFIED)
 *(.Task_t1_SEC_CONFIG_DATA_UNSPECIFIED)
 *(.Task_t2_SEC_CONST_32BIT)
 *(.Task_t2_SEC_CALIB_32BIT)
 *(.Task_t2_SEC_CARTO_32BIT)
 *(.Task_t2_SEC_CONFIG_DATA_32BIT)
 *(.Task_t2_SEC_CONST_16BIT)
 *(.Task_t2_SEC_CALIB_16BIT)
 *(.Task_t2_SEC_CARTO_16BIT)
 *(.Task_t2_SEC_CONFIG_DATA_16BIT)
 *(.Task_t2_SEC_CONST_8BIT)
 *(.Task_t2_SEC_CALIB_8BIT)
 *(.Task_t2_SEC_CARTO_8BIT)
 *(.Task_t2_SEC_CONFIG_DATA_8BIT)
 *(.Task_t2_SEC_CONST_BOOLEAN)
 *(.Task_t2_SEC_CALIB_BOOLEAN)
 *(.Task_t2_SEC_CARTO_BOOLEAN)
 *(.Task_t2_SEC_CONFIG_DATA_BOOLEAN)
 *(.Task_t2_SEC_CONST_UNSPECIFIED)
 *(.Task_t2_SEC_CALIB_UNSPECIFIED)
 *(.Task_t2_SEC_CARTO_UNSPECIFIED)
 *(.Task_t2_SEC_CONFIG_DATA_UNSPECIFIED)
 *(.Task_t3_SEC_CONST_32BIT)
 *(.Task_t3_SEC_CALIB_32BIT)
 *(.Task_t3_SEC_CARTO_32BIT)
 *(.Task_t3_SEC_CONFIG_DATA_32BIT)
 *(.Task_t3_SEC_CONST_16BIT)
 *(.Task_t3_SEC_CALIB_16BIT)
 *(.Task_t3_SEC_CARTO_16BIT)
 *(.Task_t3_SEC_CONFIG_DATA_16BIT)
 *(.Task_t3_SEC_CONST_8BIT)
 *(.Task_t3_SEC_CALIB_8BIT)
 *(.Task_t3_SEC_CARTO_8BIT)
 *(.Task_t3_SEC_CONFIG_DATA_8BIT)
 *(.Task_t3_SEC_CONST_BOOLEAN)
 *(.Task_t3_SEC_CALIB_BOOLEAN)
 *(.Task_t3_SEC_CARTO_BOOLEAN)
 *(.Task_t3_SEC_CONFIG_DATA_BOOLEAN)
 *(.Task_t3_SEC_CONST_UNSPECIFIED)
 *(.Task_t3_SEC_CALIB_UNSPECIFIED)
 *(.Task_t3_SEC_CARTO_UNSPECIFIED)
 *(.Task_t3_SEC_CONFIG_DATA_UNSPECIFIED)
                0x08003e18                . = ALIGN (0x4)
                0x08003e17                __SEG_STOP_APP_CODE_CONST_RGN = (. - 0x1)
                0x08003e17                __PROGCONST_SECTION_STOP = (. - 0x1)

.text           0x08003e40     0x79ec
                0x08003e40                . = ALIGN (0x4)
 *(.text)
 .text          0x08003e40       0x60 build/machines/cortex/tpl_ctx_switch.S.o
                0x08003e40                tpl_save_context
                0x08003e70                tpl_load_context
 .text          0x08003ea0       0x18 build/machines/cortex/tpl_startup.S.o
                0x08003ea0                tpl_reset_handler
 .text          0x08003eb8      0x1c8 ../../../trampoline/tests/lib/libembUnit.a(AssertImpl.o)
                0x08003eb8                assertImplementationInt
                0x08003f4c                assertImplementationCStr
 .text          0x08004080      0x230 ../../../trampoline/tests/lib/libembUnit.a(stdImpl.o)
                0x08004080                stdimpl_strcpy
                0x0800409c                stdimpl_strcat
                0x080040d0                stdimpl_strncat
                0x08004134                stdimpl_strlen
                0x08004150                stdimpl_strcmp
                0x08004184                stdimpl_itoa
 .text          0x080042b0       0xa4 ../../../trampoline/tests/lib/libembUnit.a(TestCaller.o)
                0x080042b0                TestCaller_name
                0x080042b8                TestCaller_run
                0x0800434c                TestCaller_countTestCases
 .text          0x08004354       0xcc ../../../trampoline/tests/lib/libembUnit.a(TestCase.o)
                0x08004354                TestCase_name
                0x0800435c                TestCase_countTestCases
                0x08004364                TestCase_run
                0x080043e4                addFailure
 .text          0x08004420       0xb4 ../../../trampoline/tests/lib/libembUnit.a(TestResult.o)
                0x08004420                TestResult_init
                0x08004434                TestResult_startTest
                0x08004468                TestResult_endTest
                0x08004490                TestResult_addFailure
 .text          0x080044d4      0x214 ../../../trampoline/tests/lib/libembUnit.a(TestRunner.o)
                0x080045c8                TestRunner_start
                0x080045e8                TestRunner_runTest
                0x08004610                TestRunner_end
 *fill*         0x080046e8       0x18 
 .text          0x08004700       0xdc /usr/arm-none-eabi/lib/armv7e-m/libc.a(lib_a-strlen.o)
                0x08004700                strlen
 *fill*         0x080047dc        0x4 
 .text          0x080047e0       0xa0 /usr/arm-none-eabi/lib/armv7e-m/libc.a(lib_a-memchr.o)
                0x080047e0                memchr
 .text          0x08004880      0x134 /usr/arm-none-eabi/lib/armv7e-m/libc.a(lib_a-memcpy.o)
                0x08004880                memcpy
 .text          0x080049b4       0x24 /usr/lib/gcc/arm-none-eabi/5.2.1/armv7e-m/libgcc.a(_udivsi3.o)
                0x080049b4                __udivsi3
                0x080049b4                __aeabi_uidiv
                0x080049c8                __aeabi_uidivmod
 .text          0x080049d8        0x4 /usr/lib/gcc/arm-none-eabi/5.2.1/armv7e-m/libgcc.a(_dvmd_tls.o)
                0x080049d8                __aeabi_ldiv0
                0x080049d8                __aeabi_idiv0
 .text          0x080049dc      0x370 /usr/lib/gcc/arm-none-eabi/5.2.1/armv7e-m/libgcc.a(_arm_addsubdf3.o)
                0x080049dc                __aeabi_drsub
                0x080049e4                __aeabi_dsub
                0x080049e4                __subdf3
                0x080049e8                __adddf3
                0x080049e8                __aeabi_dadd
                0x08004c60                __aeabi_ui2d
                0x08004c60                __floatunsidf
                0x08004c80                __floatsidf
                0x08004c80                __aeabi_i2d
                0x08004ca4                __extendsfdf2
                0x08004ca4                __aeabi_f2d
                0x08004ce0                __aeabi_ul2d
                0x08004ce0                __floatundidf
                0x08004cf0                __floatdidf
                0x08004cf0                __aeabi_l2d
 .text          0x08004d4c      0x424 /usr/lib/gcc/arm-none-eabi/5.2.1/armv7e-m/libgcc.a(_arm_muldivdf3.o)
                0x08004d4c                __aeabi_dmul
                0x08004d4c                __muldf3
                0x08004fa0                __aeabi_ddiv
                0x08004fa0                __divdf3
 .text          0x08005170      0x110 /usr/lib/gcc/arm-none-eabi/5.2.1/armv7e-m/libgcc.a(_arm_cmpdf2.o)
                0x08005170                __gtdf2
                0x08005170                __gedf2
                0x08005178                __ltdf2
                0x08005178                __ledf2
                0x08005180                __cmpdf2
                0x08005180                __eqdf2
                0x08005180                __nedf2
                0x080051fc                __aeabi_cdrcmple
                0x0800520c                __aeabi_cdcmple
                0x0800520c                __aeabi_cdcmpeq
                0x0800521c                __aeabi_dcmpeq
                0x08005230                __aeabi_dcmplt
                0x08005244                __aeabi_dcmple
                0x08005258                __aeabi_dcmpge
                0x0800526c                __aeabi_dcmpgt
 .text          0x08005280       0x50 /usr/lib/gcc/arm-none-eabi/5.2.1/armv7e-m/libgcc.a(_arm_fixdfsi.o)
                0x08005280                __fixdfsi
                0x08005280                __aeabi_d2iz
 .text          0x080052d0       0x30 /usr/lib/gcc/arm-none-eabi/5.2.1/armv7e-m/libgcc.a(_aeabi_uldivmod.o)
                0x080052d0                __aeabi_uldivmod
 .text          0x08005300      0x2e4 /usr/lib/gcc/arm-none-eabi/5.2.1/armv7e-m/libgcc.a(_udivmoddi4.o)
                0x08005300                __udivmoddi4
 *(.text*)
 .text.tpl_tp_set_watchdog_id
                0x080055e4       0x4c build/autosar/tpl_as_timing_protec.c.o
                0x080055e4                tpl_tp_set_watchdog_id
 .text.tpl_tp_get_watchdog_id
                0x08005630       0x30 build/autosar/tpl_as_timing_protec.c.o
                0x08005630                tpl_tp_get_watchdog_id
 .text.compute_NEFT
                0x08005660       0xac build/control/tpl_control.c.o
                0x08005660                compute_NEFT
 .text.slow_task
                0x0800570c       0x50 build/control/tpl_control.c.o
                0x0800570c                slow_task
 .text.update_model
                0x0800575c       0x38 build/control/tpl_control.c.o
                0x0800575c                update_model
 .text.get_outgoing_transition
                0x08005794       0xb0 build/control/tpl_control.c.o
                0x08005794                get_outgoing_transition
 .text.main     0x08005844       0x1c build/autosar_tp_s1.c.o
                0x08005844                main
 .text.ShutdownHook
                0x08005860       0x18 build/autosar_tp_s1.c.o
                0x08005860                ShutdownHook
 .text.ErrorHook
                0x08005878       0x1c build/autosar_tp_s1.c.o
                0x08005878                ErrorHook
 .text.test_t1_instance1
                0x08005894       0x6c build/task1_instance1.c.o
 .text.AutosarTPTest_seq1_t1_instance1
                0x08005900       0x14 build/task1_instance1.c.o
                0x08005900                AutosarTPTest_seq1_t1_instance1
 .text.test_t1_instance2
                0x08005914       0xd0 build/task1_instance2.c.o
 .text.AutosarTPTest_seq1_t1_instance2
                0x080059e4       0x14 build/task1_instance2.c.o
                0x080059e4                AutosarTPTest_seq1_t1_instance2
 .text.test_t1_instance3
                0x080059f8      0x140 build/task1_instance3.c.o
 .text.AutosarTPTest_seq1_t1_instance3
                0x08005b38       0x14 build/task1_instance3.c.o
                0x08005b38                AutosarTPTest_seq1_t1_instance3
 .text.test_t2_instance
                0x08005b4c       0x6c build/task2_instance.c.o
 .text.AutosarTPTest_seq1_t2_instance
                0x08005bb8       0x14 build/task2_instance.c.o
                0x08005bb8                AutosarTPTest_seq1_t2_instance
 .text.test_t3_instance
                0x08005bcc       0x34 build/task3_instance.c.o
 .text.AutosarTPTest_seq1_t3_instance
                0x08005c00       0x14 build/task3_instance.c.o
                0x08005c00                AutosarTPTest_seq1_t3_instance
 .text.test_t4_instance
                0x08005c14       0x34 build/task4_instance.c.o
 .text.AutosarTPTest_seq1_t4_instance
                0x08005c48       0x14 build/task4_instance.c.o
                0x08005c48                AutosarTPTest_seq1_t4_instance
 .text.test_protection_instance1
                0x08005c5c       0x68 build/protection_instance1.c.o
 .text.AutosarTPTest_seq1_protection_instance1
                0x08005cc4       0x14 build/protection_instance1.c.o
                0x08005cc4                AutosarTPTest_seq1_protection_instance1
 .text.test_protection_instance2
                0x08005cd8       0x68 build/protection_instance2.c.o
 .text.AutosarTPTest_seq1_protection_instance2
                0x08005d40       0x14 build/protection_instance2.c.o
                0x08005d40                AutosarTPTest_seq1_protection_instance2
 .text.idle_function
                0x08005d54        0x8 build/machines/cortex/tpl_machine_cortex.c.o
                0x08005d54                idle_function
 .text.NVIC_SetPriority
                0x08005d5c       0x54 build/machines/cortex/armv7/stm32f407/tpl_machine_stm32f407.c.o
 .text.SysTick_Config
                0x08005db0       0x44 build/machines/cortex/armv7/stm32f407/tpl_machine_stm32f407.c.o
 .text.__libc_init_array
                0x08005df4       0x70 build/machines/cortex/armv7/stm32f407/startup_stm32f4xx.c.o
                0x08005df4                __libc_init_array
 .text.__libc_fini_array
                0x08005e64       0x40 build/machines/cortex/armv7/stm32f407/startup_stm32f4xx.c.o
                0x08005e64                __libc_fini_array
 .text.SystemInit
                0x08005ea4       0x5c build/machines/cortex/armv7/stm32f407/system_stm32f4xx.c.o
                0x08005ea4                SystemInit
 .text.SetSysClock
                0x08005f00       0xf4 build/machines/cortex/armv7/stm32f407/system_stm32f4xx.c.o
 .text.NMI_Handler
                0x08005ff4        0x8 build/machines/cortex/armv7/stm32f407/handlers_stm32f4xx.c.o
                0x08005ff4                NMI_Handler
 .text.HardFault_Handler
                0x08005ffc       0x64 build/machines/cortex/armv7/stm32f407/handlers_stm32f4xx.c.o
                0x08005ffc                HardFault_Handler
 .text.MemManage_Handler
                0x08006060        0x8 build/machines/cortex/armv7/stm32f407/handlers_stm32f4xx.c.o
                0x08006060                MemManage_Handler
 .text.BusFault_Handler
                0x08006068        0x8 build/machines/cortex/armv7/stm32f407/handlers_stm32f4xx.c.o
                0x08006068                BusFault_Handler
 .text.UsageFault_Handler
                0x08006070        0x8 build/machines/cortex/armv7/stm32f407/handlers_stm32f4xx.c.o
                0x08006070                UsageFault_Handler
 .text.DebugMonitor_Handler
                0x08006078        0x8 build/machines/cortex/armv7/stm32f407/handlers_stm32f4xx.c.o
                0x08006078                DebugMonitor_Handler
 .text.__assert_func
                0x08006080       0x3c /usr/arm-none-eabi/lib/armv7e-m/libc.a(lib_a-assert.o)
                0x08006080                __assert_func
 .text.fiprintf
                0x080060bc       0x28 /usr/arm-none-eabi/lib/armv7e-m/libc.a(lib_a-fiprintf.o)
                0x080060bc                fiprintf
 .text.printf   0x080060e4       0x28 /usr/arm-none-eabi/lib/armv7e-m/libc.a(lib_a-printf.o)
                0x080060e4                printf
 .text.putchar  0x0800610c       0x14 /usr/arm-none-eabi/lib/armv7e-m/libc.a(lib_a-putchar.o)
                0x0800610c                putchar
 .text._puts_r  0x08006120       0x64 /usr/arm-none-eabi/lib/armv7e-m/libc.a(lib_a-puts.o)
                0x08006120                _puts_r
 .text.puts     0x08006184       0x10 /usr/arm-none-eabi/lib/armv7e-m/libc.a(lib_a-puts.o)
                0x08006184                puts
 .text.__sprint_r.part.0
                0x08006194       0x78 /usr/arm-none-eabi/lib/armv7e-m/libc.a(lib_a-vfiprintf.o)
 .text.__sprint_r
                0x0800620c       0x14 /usr/arm-none-eabi/lib/armv7e-m/libc.a(lib_a-vfiprintf.o)
                0x0800620c                __sprint_r
 .text._vfiprintf_r
                0x08006220      0xdf8 /usr/arm-none-eabi/lib/armv7e-m/libc.a(lib_a-vfiprintf.o)
                0x08006220                _vfiprintf_r
 .text.__sbprintf
                0x08007018       0x6c /usr/arm-none-eabi/lib/armv7e-m/libc.a(lib_a-vfiprintf.o)
 .text._vfprintf_r
                0x08007084     0x1684 /usr/arm-none-eabi/lib/armv7e-m/libc.a(lib_a-vfprintf.o)
                0x08007084                _vfprintf_r
 .text.__sbprintf
                0x08008708       0x6c /usr/arm-none-eabi/lib/armv7e-m/libc.a(lib_a-vfprintf.o)
 .text.__swsetup_r
                0x08008774       0xc4 /usr/arm-none-eabi/lib/armv7e-m/libc.a(lib_a-wsetup.o)
                0x08008774                __swsetup_r
 .text.abort    0x08008838       0x10 /usr/arm-none-eabi/lib/armv7e-m/libc.a(lib_a-abort.o)
                0x08008838                abort
 .text.quorem   0x08008848      0x128 /usr/arm-none-eabi/lib/armv7e-m/libc.a(lib_a-dtoa.o)
 .text._dtoa_r  0x08008970      0xe58 /usr/arm-none-eabi/lib/armv7e-m/libc.a(lib_a-dtoa.o)
                0x08008970                _dtoa_r
 .text.__sflush_r
                0x080097c8      0x148 /usr/arm-none-eabi/lib/armv7e-m/libc.a(lib_a-fflush.o)
                0x080097c8                __sflush_r
 .text._fflush_r
                0x08009910       0x2c /usr/arm-none-eabi/lib/armv7e-m/libc.a(lib_a-fflush.o)
                0x08009910                _fflush_r
 .text._cleanup_r
                0x0800993c        0xc /usr/arm-none-eabi/lib/armv7e-m/libc.a(lib_a-findfp.o)
                0x0800993c                _cleanup_r
 .text.__sinit.part.1
                0x08009948       0xf0 /usr/arm-none-eabi/lib/armv7e-m/libc.a(lib_a-findfp.o)
 .text.__sinit  0x08009a38        0xc /usr/arm-none-eabi/lib/armv7e-m/libc.a(lib_a-findfp.o)
                0x08009a38                __sinit
 .text.__sfp_lock_acquire
                0x08009a44        0x4 /usr/arm-none-eabi/lib/armv7e-m/libc.a(lib_a-findfp.o)
                0x08009a44                __sfp_lock_acquire
 .text.__sfp_lock_release
                0x08009a48        0x4 /usr/arm-none-eabi/lib/armv7e-m/libc.a(lib_a-findfp.o)
                0x08009a48                __sfp_lock_release
 .text.__fputwc
                0x08009a4c       0xb0 /usr/arm-none-eabi/lib/armv7e-m/libc.a(lib_a-fputwc.o)
                0x08009a4c                __fputwc
 .text._fputwc_r
                0x08009afc       0x24 /usr/arm-none-eabi/lib/armv7e-m/libc.a(lib_a-fputwc.o)
                0x08009afc                _fputwc_r
 .text._malloc_trim_r
                0x08009b20       0x9c /usr/arm-none-eabi/lib/armv7e-m/libc.a(lib_a-freer.o)
                0x08009b20                _malloc_trim_r
 .text._free_r  0x08009bbc      0x1d0 /usr/arm-none-eabi/lib/armv7e-m/libc.a(lib_a-freer.o)
                0x08009bbc                _free_r
 .text.__sfvwrite_r
                0x08009d8c      0x300 /usr/arm-none-eabi/lib/armv7e-m/libc.a(lib_a-fvwrite.o)
                0x08009d8c                __sfvwrite_r
 .text._fwalk_reent
                0x0800a08c       0x54 /usr/arm-none-eabi/lib/armv7e-m/libc.a(lib_a-fwalk.o)
                0x0800a08c                _fwalk_reent
 .text.__locale_charset
                0x0800a0e0        0x8 /usr/arm-none-eabi/lib/armv7e-m/libc.a(lib_a-locale.o)
                0x0800a0e0                __locale_charset
 .text.__locale_mb_cur_max
                0x0800a0e8        0xc /usr/arm-none-eabi/lib/armv7e-m/libc.a(lib_a-locale.o)
                0x0800a0e8                __locale_mb_cur_max
 .text._localeconv_r
                0x0800a0f4        0x8 /usr/arm-none-eabi/lib/armv7e-m/libc.a(lib_a-locale.o)
                0x0800a0f4                _localeconv_r
 .text.__smakebuf_r
                0x0800a0fc       0xe0 /usr/arm-none-eabi/lib/armv7e-m/libc.a(lib_a-makebuf.o)
                0x0800a0fc                __smakebuf_r
 .text._malloc_r
                0x0800a1dc      0x570 /usr/arm-none-eabi/lib/armv7e-m/libc.a(lib_a-mallocr.o)
                0x0800a1dc                _malloc_r
 .text.memmove  0x0800a74c       0xc8 /usr/arm-none-eabi/lib/armv7e-m/libc.a(lib_a-memmove.o)
                0x0800a74c                memmove
 .text.memset   0x0800a814       0x9c /usr/arm-none-eabi/lib/armv7e-m/libc.a(lib_a-memset.o)
                0x0800a814                memset
 .text.__malloc_lock
                0x0800a8b0        0x4 /usr/arm-none-eabi/lib/armv7e-m/libc.a(lib_a-mlock.o)
                0x0800a8b0                __malloc_lock
 .text.__malloc_unlock
                0x0800a8b4        0x4 /usr/arm-none-eabi/lib/armv7e-m/libc.a(lib_a-mlock.o)
                0x0800a8b4                __malloc_unlock
 .text._Balloc  0x0800a8b8       0x4c /usr/arm-none-eabi/lib/armv7e-m/libc.a(lib_a-mprec.o)
                0x0800a8b8                _Balloc
 .text._Bfree   0x0800a904       0x14 /usr/arm-none-eabi/lib/armv7e-m/libc.a(lib_a-mprec.o)
                0x0800a904                _Bfree
 .text.__multadd
                0x0800a918       0x80 /usr/arm-none-eabi/lib/armv7e-m/libc.a(lib_a-mprec.o)
                0x0800a918                __multadd
 .text.__hi0bits
                0x0800a998       0x40 /usr/arm-none-eabi/lib/armv7e-m/libc.a(lib_a-mprec.o)
                0x0800a998                __hi0bits
 .text.__lo0bits
                0x0800a9d8       0x5c /usr/arm-none-eabi/lib/armv7e-m/libc.a(lib_a-mprec.o)
                0x0800a9d8                __lo0bits
 .text.__i2b    0x0800aa34       0x14 /usr/arm-none-eabi/lib/armv7e-m/libc.a(lib_a-mprec.o)
                0x0800aa34                __i2b
 .text.__multiply
                0x0800aa48      0x130 /usr/arm-none-eabi/lib/armv7e-m/libc.a(lib_a-mprec.o)
                0x0800aa48                __multiply
 .text.__pow5mult
                0x0800ab78       0xa0 /usr/arm-none-eabi/lib/armv7e-m/libc.a(lib_a-mprec.o)
                0x0800ab78                __pow5mult
 .text.__lshift
                0x0800ac18       0xb0 /usr/arm-none-eabi/lib/armv7e-m/libc.a(lib_a-mprec.o)
                0x0800ac18                __lshift
 .text.__mcmp   0x0800acc8       0x40 /usr/arm-none-eabi/lib/armv7e-m/libc.a(lib_a-mprec.o)
                0x0800acc8                __mcmp
 .text.__mdiff  0x0800ad08      0x114 /usr/arm-none-eabi/lib/armv7e-m/libc.a(lib_a-mprec.o)
                0x0800ad08                __mdiff
 .text.__d2b    0x0800ae1c       0xb8 /usr/arm-none-eabi/lib/armv7e-m/libc.a(lib_a-mprec.o)
                0x0800ae1c                __d2b
 .text._putc_r  0x0800aed4       0x58 /usr/arm-none-eabi/lib/armv7e-m/libc.a(lib_a-putc.o)
                0x0800aed4                _putc_r
 .text._realloc_r
                0x0800af2c      0x3e0 /usr/arm-none-eabi/lib/armv7e-m/libc.a(lib_a-reallocr.o)
                0x0800af2c                _realloc_r
 .text.__fpclassifyd
                0x0800b30c       0x54 /usr/arm-none-eabi/lib/armv7e-m/libc.a(lib_a-s_fpclassify.o)
                0x0800b30c                __fpclassifyd
 .text._sbrk_r  0x0800b360       0x24 /usr/arm-none-eabi/lib/armv7e-m/libc.a(lib_a-sbrkr.o)
                0x0800b360                _sbrk_r
 .text._raise_r
                0x0800b384       0x58 /usr/arm-none-eabi/lib/armv7e-m/libc.a(lib_a-signal.o)
                0x0800b384                _raise_r
 .text.raise    0x0800b3dc       0x10 /usr/arm-none-eabi/lib/armv7e-m/libc.a(lib_a-signal.o)
                0x0800b3dc                raise
 .text._kill_r  0x0800b3ec       0x28 /usr/arm-none-eabi/lib/armv7e-m/libc.a(lib_a-signalr.o)
                0x0800b3ec                _kill_r
 .text._getpid_r
                0x0800b414        0x4 /usr/arm-none-eabi/lib/armv7e-m/libc.a(lib_a-signalr.o)
                0x0800b414                _getpid_r
 .text.__sread  0x0800b418       0x24 /usr/arm-none-eabi/lib/armv7e-m/libc.a(lib_a-stdio.o)
                0x0800b418                __sread
 .text.__swrite
                0x0800b43c       0x38 /usr/arm-none-eabi/lib/armv7e-m/libc.a(lib_a-stdio.o)
                0x0800b43c                __swrite
 .text.__sseek  0x0800b474       0x20 /usr/arm-none-eabi/lib/armv7e-m/libc.a(lib_a-stdio.o)
                0x0800b474                __sseek
 .text.__sclose
                0x0800b494        0x8 /usr/arm-none-eabi/lib/armv7e-m/libc.a(lib_a-stdio.o)
                0x0800b494                __sclose
 .text.__swbuf_r
                0x0800b49c       0xa8 /usr/arm-none-eabi/lib/armv7e-m/libc.a(lib_a-wbuf.o)
                0x0800b49c                __swbuf_r
 .text._wcrtomb_r
                0x0800b544       0x54 /usr/arm-none-eabi/lib/armv7e-m/libc.a(lib_a-wcrtomb.o)
                0x0800b544                _wcrtomb_r
 .text.__ascii_wctomb
                0x0800b598       0x1c /usr/arm-none-eabi/lib/armv7e-m/libc.a(lib_a-wctomb_r.o)
                0x0800b598                __ascii_wctomb
 .text._write_r
                0x0800b5b4       0x2c /usr/arm-none-eabi/lib/armv7e-m/libc.a(lib_a-writer.o)
                0x0800b5b4                _write_r
 .text._calloc_r
                0x0800b5e0       0x60 /usr/arm-none-eabi/lib/armv7e-m/libc.a(lib_a-callocr.o)
                0x0800b5e0                _calloc_r
 .text._close_r
                0x0800b640       0x24 /usr/arm-none-eabi/lib/armv7e-m/libc.a(lib_a-closer.o)
                0x0800b640                _close_r
 .text._fclose_r
                0x0800b664       0x84 /usr/arm-none-eabi/lib/armv7e-m/libc.a(lib_a-fclose.o)
                0x0800b664                _fclose_r
 .text._fstat_r
                0x0800b6e8       0x28 /usr/arm-none-eabi/lib/armv7e-m/libc.a(lib_a-fstatr.o)
                0x0800b6e8                _fstat_r
 .text._isatty_r
                0x0800b710       0x24 /usr/arm-none-eabi/lib/armv7e-m/libc.a(lib_a-isattyr.o)
                0x0800b710                _isatty_r
 .text._lseek_r
                0x0800b734       0x2c /usr/arm-none-eabi/lib/armv7e-m/libc.a(lib_a-lseekr.o)
                0x0800b734                _lseek_r
 .text._read_r  0x0800b760       0x2c /usr/arm-none-eabi/lib/armv7e-m/libc.a(lib_a-readr.o)
                0x0800b760                _read_r
 .text._close   0x0800b78c       0x10 /usr/arm-none-eabi/lib/armv7e-m/libnosys.a(close.o)
                0x0800b78c                _close
 .text._fstat   0x0800b79c       0x10 /usr/arm-none-eabi/lib/armv7e-m/libnosys.a(fstat.o)
                0x0800b79c                _fstat
 .text._getpid  0x0800b7ac       0x10 /usr/arm-none-eabi/lib/armv7e-m/libnosys.a(getpid.o)
                0x0800b7ac                _getpid
 .text._isatty  0x0800b7bc       0x10 /usr/arm-none-eabi/lib/armv7e-m/libnosys.a(isatty.o)
                0x0800b7bc                _isatty
 .text._kill    0x0800b7cc       0x10 /usr/arm-none-eabi/lib/armv7e-m/libnosys.a(kill.o)
                0x0800b7cc                _kill
 .text._lseek   0x0800b7dc       0x10 /usr/arm-none-eabi/lib/armv7e-m/libnosys.a(lseek.o)
                0x0800b7dc                _lseek
 .text._read    0x0800b7ec       0x10 /usr/arm-none-eabi/lib/armv7e-m/libnosys.a(read.o)
                0x0800b7ec                _read
 .text._sbrk    0x0800b7fc       0x1c /usr/arm-none-eabi/lib/armv7e-m/libnosys.a(sbrk.o)
                0x0800b7fc                _sbrk
 .text._write   0x0800b818       0x10 /usr/arm-none-eabi/lib/armv7e-m/libnosys.a(write.o)
                0x0800b818                _write
 .text._exit    0x0800b828        0x4 /usr/arm-none-eabi/lib/armv7e-m/libnosys.a(_exit.o)
 *(.glue_7)
 .glue_7        0x0800b82c        0x0 linker stubs
 *(.glue_7t)
 .glue_7t       0x0800b82c        0x0 linker stubs
 *(.eh_frame)
 *(.init)
 *(.fini)
                0x0800b82c                . = ALIGN (0x4)
                0x0800b82c                _etext = .
                0x0800b82c                _exit = .

.vfp11_veneer   0x0800b82c        0x0
 .vfp11_veneer  0x0800b82c        0x0 linker stubs

.v4_bx          0x0800b82c        0x0
 .v4_bx         0x0800b82c        0x0 linker stubs

.iplt           0x0800b82c        0x0
 .iplt          0x0800b82c        0x0 build/os/tpl_os_kernel.c.o

.after_vectors  0x0800b82c       0x94
 .after_vectors
                0x0800b82c       0x94 build/machines/cortex/armv7/stm32f407/startup_stm32f4xx.c.o
                0x0800b82c                tpl_continue_reset_handler
                0x0800b878                system_init

.ARM.extab
 *(.ARM.extab* .gnu.linkonce.armextab.*)

.ARM            0x0800b8c0        0x8
                0x0800b8c0                __exidx_start = .
 *(.ARM.exidx*)
 .ARM.exidx     0x0800b8c0        0x8 /usr/lib/gcc/arm-none-eabi/5.2.1/armv7e-m/libgcc.a(_udivmoddi4.o)
                0x0800b8c8                __exidx_end = .

.rel.dyn        0x0800b8c8        0x0
 .rel.iplt      0x0800b8c8        0x0 build/os/tpl_os_kernel.c.o

.preinit_array  0x0800b8c8        0x4
                0x0800b8c8                PROVIDE (__preinit_array_start, .)
 *(.preinit_array*)
 .preinit_array_sysinit
                0x0800b8c8        0x4 build/machines/cortex/armv7/stm32f407/startup_stm32f4xx.c.o
                0x0800b8c8                p_system_init
                0x0800b8cc                PROVIDE (__preinit_array_end, .)

.init_array     0x0800b8cc        0x0
                0x0800b8cc                PROVIDE (__init_array_start, .)
 *(SORT(.init_array.*))
 *(.init_array*)
                0x0800b8cc                PROVIDE (__init_array_end, .)

.fini_array     0x0800b8cc        0x0
                0x0800b8cc                PROVIDE (__fini_array_start, .)
 *(.fini_array*)
 *(SORT(.fini_array.*))
                0x0800b8cc                PROVIDE (__fini_array_end, .)
                0x0800b8cc                _sidata = .

.data           0x20000000      0xf20 load address 0x0800b8cc
                0x20000000                . = ALIGN (0x4)
                0x20000000                _sdata = .
 *(.data)
 *(.data*)
 .data.node     0x20000000      0x360 build/control/tpl_control.c.o
                0x20000000                node
 .data.timeprotect_t1
                0x20000360       0x38 build/autosar_tp_s1/tpl_app_config.c.o
                0x20000360                timeprotect_t1
 .data.timeprotect_t3
                0x20000398       0x38 build/autosar_tp_s1/tpl_app_config.c.o
                0x20000398                timeprotect_t3
 .data.sched1_0
                0x200003d0        0x4 build/autosar_tp_s1/tpl_app_config.c.o
                0x200003d0                sched1_0
 .data.sched1_0_expirypoint
                0x200003d4       0x18 build/autosar_tp_s1/tpl_app_config.c.o
                0x200003d4                sched1_0_expirypoint
 .data.sched1_st_dyn
                0x200003ec       0x24 build/autosar_tp_s1/tpl_app_config.c.o
                0x200003ec                sched1_st_dyn
 .data.sched1_5_0_action
                0x20000410        0x8 build/autosar_tp_s1/tpl_app_config.c.o
                0x20000410                sched1_5_0_action
 .data.sched1_5
                0x20000418        0x4 build/autosar_tp_s1/tpl_app_config.c.o
                0x20000418                sched1_5
 .data.sched1_5_expirypoint
                0x2000041c       0x18 build/autosar_tp_s1/tpl_app_config.c.o
                0x2000041c                sched1_5_expirypoint
 .data.sched1_expiry_table
                0x20000434        0x8 build/autosar_tp_s1/tpl_app_config.c.o
                0x20000434                sched1_expiry_table
 .data.sched1_st_stat
                0x2000043c       0x18 build/autosar_tp_s1/tpl_app_config.c.o
                0x2000043c                sched1_st_stat
 .data.SystemCoreClock
                0x20000454        0x4 build/machines/cortex/armv7/stm32f407/system_stm32f4xx.c.o
                0x20000454                SystemCoreClock
 .data.impure_data
                0x20000458      0x428 /usr/arm-none-eabi/lib/armv7e-m/libc.a(lib_a-impure.o)
 .data._impure_ptr
                0x20000880        0x4 /usr/arm-none-eabi/lib/armv7e-m/libc.a(lib_a-impure.o)
                0x20000880                _impure_ptr
 .data.lconv    0x20000884       0x38 /usr/arm-none-eabi/lib/armv7e-m/libc.a(lib_a-locale.o)
 .data.lc_ctype_charset
                0x200008bc       0x20 /usr/arm-none-eabi/lib/armv7e-m/libc.a(lib_a-locale.o)
 .data.__mb_cur_max
                0x200008dc        0x4 /usr/arm-none-eabi/lib/armv7e-m/libc.a(lib_a-locale.o)
                0x200008dc                __mb_cur_max
 .data.__malloc_av_
                0x200008e0      0x408 /usr/arm-none-eabi/lib/armv7e-m/libc.a(lib_a-mallocr.o)
                0x200008e0                __malloc_av_
 .data.__malloc_trim_threshold
                0x20000ce8        0x4 /usr/arm-none-eabi/lib/armv7e-m/libc.a(lib_a-mallocr.o)
                0x20000ce8                __malloc_trim_threshold
 .data.__malloc_sbrk_base
                0x20000cec        0x4 /usr/arm-none-eabi/lib/armv7e-m/libc.a(lib_a-mallocr.o)
                0x20000cec                __malloc_sbrk_base
 .data.__wctomb
                0x20000cf0        0x4 /usr/arm-none-eabi/lib/armv7e-m/libc.a(lib_a-wctomb_r.o)
                0x20000cf0                __wctomb
 *(.osVar)
 .osVar         0x20000cf4        0x1 build/os/tpl_os_timeobj_kernel.c.o
 *fill*         0x20000cf5        0x3 
 .osVar         0x20000cf8       0x10 build/os/tpl_os_error.c.o
                0x20000cf8                tpl_service
 .osVar         0x20000d08        0x5 build/autosar/tpl_as_timing_protec.c.o
                0x20000d08                tpl_tp_watchdog_id
                0x20000d0c                tpl_tp_watchdog_owner
 .osVar         0x20000d0d        0x1 build/os/tpl_os_os_kernel.c.o
 *fill*         0x20000d0e        0x2 
 .osVar         0x20000d10       0x14 build/os/tpl_os_interrupt_kernel.c.o
                0x20000d10                tpl_locking_depth
                0x20000d14                tpl_user_task_lock
                0x20000d18                tpl_cpt_user_task_lock_All
                0x20000d1c                tpl_cpt_user_task_lock_OS
                0x20000d20                tpl_cpt_os_task_lock
 .osVar         0x20000d24        0x8 build/os/tpl_os_resource_kernel.c.o
                0x20000d24                res_sched_rez_desc
 .osVar         0x20000d2c      0x1f0 build/autosar_tp_s1/tpl_app_config.c.o
                0x20000d2c                tpl_kern
                0x20000d48                tpl_ready_list
                0x20000d54                tpl_tail_for_prio
                0x20000d5c                SystemCounter_counter_desc
                0x20000d7c                Hardware_Counter_counter_desc
                0x20000d9c                tpl_time_counter
                0x20000da0                IDLE_TASK_int_context
                0x20000de4                IDLE_TASK_task_desc
                0x20000dec                t4_int_context
                0x20000e30                t4_task_desc
                0x20000e38                t1_int_context
                0x20000e7c                t1_task_desc
                0x20000e84                t2_int_context
                0x20000ec8                t2_task_desc
                0x20000ed0                t3_int_context
                0x20000f14                t3_task_desc
 .osVar         0x20000f1c        0x4 build/machines/cortex/tpl_machine_cortex.c.o
                0x20000f1c                nested_kernel_entrance_counter
 *(.Task_t4_SEC_VAR_POWER_ON_INIT_32BIT)
 *(.Task_t4_SEC_VAR_POWER_ON_INIT_16BIT)
 *(.Task_t4_SEC_VAR_POWER_ON_INIT_8BIT)
 *(.Task_t4_SEC_VAR_POWER_ON_INIT_BOOLEAN)
 *(.Task_t4_SEC_VAR_POWER_ON_INIT_UNSPECIFIED)
 *(.Task_t1_SEC_VAR_POWER_ON_INIT_32BIT)
 *(.Task_t1_SEC_VAR_POWER_ON_INIT_16BIT)
 *(.Task_t1_SEC_VAR_POWER_ON_INIT_8BIT)
 *(.Task_t1_SEC_VAR_POWER_ON_INIT_BOOLEAN)
 *(.Task_t1_SEC_VAR_POWER_ON_INIT_UNSPECIFIED)
 *(.Task_t2_SEC_VAR_POWER_ON_INIT_32BIT)
 *(.Task_t2_SEC_VAR_POWER_ON_INIT_16BIT)
 *(.Task_t2_SEC_VAR_POWER_ON_INIT_8BIT)
 *(.Task_t2_SEC_VAR_POWER_ON_INIT_BOOLEAN)
 *(.Task_t2_SEC_VAR_POWER_ON_INIT_UNSPECIFIED)
 *(.Task_t3_SEC_VAR_POWER_ON_INIT_32BIT)
 *(.Task_t3_SEC_VAR_POWER_ON_INIT_16BIT)
 *(.Task_t3_SEC_VAR_POWER_ON_INIT_8BIT)
 *(.Task_t3_SEC_VAR_POWER_ON_INIT_BOOLEAN)
 *(.Task_t3_SEC_VAR_POWER_ON_INIT_UNSPECIFIED)
                0x20000f20                . = ALIGN (0x4)
                0x20000f20                _edata = .

.igot.plt       0x20000f20        0x0 load address 0x0800c7ec
 .igot.plt      0x20000f20        0x0 build/os/tpl_os_kernel.c.o

.Task_IDLE_TASKStack
                0x20000f20      0x12c load address 0x0800c7ec
 .Task_IDLE_TASKStack
                0x20000f20      0x12c build/autosar_tp_s1/tpl_app_config.c.o
                0x20000f20                IDLE_TASK_stack_zone

.Task_t4_SEC_VAR
                0x2000104c        0x0
                0x2000104c                . = ALIGN (0x4)
 *(.Task_t4_SEC_VAR_NOINIT_32BIT)
 *(.Task_t4_SEC_VAR_FAST_32BIT)
 *(.Task_t4_SEC_VAR_32BIT)
 *(.Task_t4_SEC_VAR_NOINIT_16BIT)
 *(.Task_t4_SEC_VAR_FAST_16BIT)
 *(.Task_t4_SEC_VAR_16BIT)
 *(.Task_t4_SEC_VAR_NOINIT_8BIT)
 *(.Task_t4_SEC_VAR_FAST_8BIT)
 *(.Task_t4_SEC_VAR_8BIT)
 *(.Task_t4_SEC_VAR_NOINIT_BOOLEAN)
 *(.Task_t4_SEC_VAR_FAST_BOOLEAN)
 *(.Task_t4_SEC_VAR_BOOLEAN)
 *(.Task_t4_SEC_VAR_NOINIT_UNSPECIFIED)
 *(.Task_t4_SEC_VAR_FAST_UNSPECIFIED)
 *(.Task_t4_SEC_VAR_UNSPECIFIED)

.Task_t1_SEC_VAR
                0x2000104c        0x0
                0x2000104c                . = ALIGN (0x4)
 *(.Task_t1_SEC_VAR_NOINIT_32BIT)
 *(.Task_t1_SEC_VAR_FAST_32BIT)
 *(.Task_t1_SEC_VAR_32BIT)
 *(.Task_t1_SEC_VAR_NOINIT_16BIT)
 *(.Task_t1_SEC_VAR_FAST_16BIT)
 *(.Task_t1_SEC_VAR_16BIT)
 *(.Task_t1_SEC_VAR_NOINIT_8BIT)
 *(.Task_t1_SEC_VAR_FAST_8BIT)
 *(.Task_t1_SEC_VAR_8BIT)
 *(.Task_t1_SEC_VAR_NOINIT_BOOLEAN)
 *(.Task_t1_SEC_VAR_FAST_BOOLEAN)
 *(.Task_t1_SEC_VAR_BOOLEAN)
 *(.Task_t1_SEC_VAR_NOINIT_UNSPECIFIED)
 *(.Task_t1_SEC_VAR_FAST_UNSPECIFIED)
 *(.Task_t1_SEC_VAR_UNSPECIFIED)

.Task_t2_SEC_VAR
                0x2000104c        0x0
                0x2000104c                . = ALIGN (0x4)
 *(.Task_t2_SEC_VAR_NOINIT_32BIT)
 *(.Task_t2_SEC_VAR_FAST_32BIT)
 *(.Task_t2_SEC_VAR_32BIT)
 *(.Task_t2_SEC_VAR_NOINIT_16BIT)
 *(.Task_t2_SEC_VAR_FAST_16BIT)
 *(.Task_t2_SEC_VAR_16BIT)
 *(.Task_t2_SEC_VAR_NOINIT_8BIT)
 *(.Task_t2_SEC_VAR_FAST_8BIT)
 *(.Task_t2_SEC_VAR_8BIT)
 *(.Task_t2_SEC_VAR_NOINIT_BOOLEAN)
 *(.Task_t2_SEC_VAR_FAST_BOOLEAN)
 *(.Task_t2_SEC_VAR_BOOLEAN)
 *(.Task_t2_SEC_VAR_NOINIT_UNSPECIFIED)
 *(.Task_t2_SEC_VAR_FAST_UNSPECIFIED)
 *(.Task_t2_SEC_VAR_UNSPECIFIED)

.Task_t3_SEC_VAR
                0x2000104c        0x0
                0x2000104c                . = ALIGN (0x4)
 *(.Task_t3_SEC_VAR_NOINIT_32BIT)
 *(.Task_t3_SEC_VAR_FAST_32BIT)
 *(.Task_t3_SEC_VAR_32BIT)
 *(.Task_t3_SEC_VAR_NOINIT_16BIT)
 *(.Task_t3_SEC_VAR_FAST_16BIT)
 *(.Task_t3_SEC_VAR_16BIT)
 *(.Task_t3_SEC_VAR_NOINIT_8BIT)
 *(.Task_t3_SEC_VAR_FAST_8BIT)
 *(.Task_t3_SEC_VAR_8BIT)
 *(.Task_t3_SEC_VAR_NOINIT_BOOLEAN)
 *(.Task_t3_SEC_VAR_FAST_BOOLEAN)
 *(.Task_t3_SEC_VAR_BOOLEAN)
 *(.Task_t3_SEC_VAR_NOINIT_UNSPECIFIED)
 *(.Task_t3_SEC_VAR_FAST_UNSPECIFIED)
 *(.Task_t3_SEC_VAR_UNSPECIFIED)

.Task_t4_SEC_STACK
                0x2000104c     0x8000 load address 0x0800c918
                0x2000104c                . = ALIGN (0x4)
 *(.Task_t4Stack)
 .Task_t4Stack  0x2000104c     0x8000 build/autosar_tp_s1/tpl_app_config.c.o
                0x2000104c                t4_stack_zone
                0x2000904c                . = ALIGN (0x4)

.Task_t1_SEC_STACK
                0x2000904c     0x8000 load address 0x08014918
                0x2000904c                . = ALIGN (0x4)
 *(.Task_t1Stack)
 .Task_t1Stack  0x2000904c     0x8000 build/autosar_tp_s1/tpl_app_config.c.o
                0x2000904c                t1_stack_zone
                0x2001104c                . = ALIGN (0x4)

.Task_t2_SEC_STACK
                0x2001104c     0x8000 load address 0x0801c918
                0x2001104c                . = ALIGN (0x4)
 *(.Task_t2Stack)
 .Task_t2Stack  0x2001104c     0x8000 build/autosar_tp_s1/tpl_app_config.c.o
                0x2001104c                t2_stack_zone
                0x2001904c                . = ALIGN (0x4)

.Task_t3_SEC_STACK
                0x2001904c     0x8000 load address 0x08024918
                0x2001904c                . = ALIGN (0x4)
 *(.Task_t3Stack)
 .Task_t3Stack  0x2001904c     0x8000 build/autosar_tp_s1/tpl_app_config.c.o
                0x2001904c                t3_stack_zone
                0x2002104c                . = ALIGN (0x4)

appvars
                0x2002104c                . = ALIGN (0x4)

.bss            0x2002104c       0x6c load address 0x0802c918
                0x2002104c                _sbss = .
                0x2002104c                __bss_start__ = _sbss
 *(.bss)
 .bss           0x2002104c        0x8 ../../../trampoline/tests/lib/libembUnit.a(TestCase.o)
 .bss           0x20021054        0xc ../../../trampoline/tests/lib/libembUnit.a(TestRunner.o)
 .bss           0x20021060        0x1 ../../../trampoline/tests/lib/libembUnit.a(SchedulingCheck.o)
                0x20021060                test_number
 *(.bss*)
 .bss.in_error_hook.6040
                0x20021061        0x1 build/os/tpl_os_error.c.o
 *fill*         0x20021062        0x2 
 .bss.current_node
                0x20021064       0x10 build/control/tpl_control.c.o
                0x20021064                current_node
 .bss.instance_protection
                0x20021074        0x1 build/autosar_tp_s1.c.o
                0x20021074                instance_protection
 .bss.instance_t1
                0x20021075        0x1 build/autosar_tp_s1.c.o
                0x20021075                instance_t1
 *fill*         0x20021076        0x2 
 .bss.__malloc_max_total_mem
                0x20021078        0x4 /usr/arm-none-eabi/lib/armv7e-m/libc.a(lib_a-mallocr.o)
                0x20021078                __malloc_max_total_mem
 .bss.__malloc_max_sbrked_mem
                0x2002107c        0x4 /usr/arm-none-eabi/lib/armv7e-m/libc.a(lib_a-mallocr.o)
                0x2002107c                __malloc_max_sbrked_mem
 .bss.__malloc_top_pad
                0x20021080        0x4 /usr/arm-none-eabi/lib/armv7e-m/libc.a(lib_a-mallocr.o)
                0x20021080                __malloc_top_pad
 .bss.__malloc_current_mallinfo
                0x20021084       0x28 /usr/arm-none-eabi/lib/armv7e-m/libc.a(lib_a-mallocr.o)
                0x20021084                __malloc_current_mallinfo
 .bss.heap_end.4167
                0x200210ac        0x4 /usr/arm-none-eabi/lib/armv7e-m/libnosys.a(sbrk.o)
 *(COMMON)
 COMMON         0x200210b0        0x1 build/autosar_tp_s1.c.o
                0x200210b0                Fatalerrorstatus
 *fill*         0x200210b1        0x3 
 COMMON         0x200210b4        0x4 /usr/arm-none-eabi/lib/armv7e-m/libc.a(lib_a-reent.o)
                0x200210b4                errno
                0x200210b8                . = ALIGN (0x4)
                0x200210b8                _ebss = .
                0x200210b8                __bss_end__ = _ebss

._user_heap_stack
                0x200210b8      0x400 load address 0x0802c984
                0x200210b8                . = ALIGN (0x4)
                0x200210b8                __heap_start__ = .
                0x200210b8                PROVIDE (end, .)
                [!provide]                PROVIDE (_end, .)
                0x200210b8                . = (. + _Min_Heap_Size)
                0x200214b8                . = (. + _Min_Stack_Size)
 *fill*         0x200210b8      0x400 
                0x200214b8                . = ALIGN (0x4)

.memory_b1_text
 *(.mb1text)
 *(.mb1text*)
 *(.mb1rodata)
 *(.mb1rodata*)

/DISCARD/
 libc.a(*)
 libm.a(*)
 libgcc.a(*)

.ARM.attributes
                0x00000000       0x37
 *(.ARM.attributes)
 .ARM.attributes
                0x00000000       0x33 build/os/tpl_os_kernel.c.o
 .ARM.attributes
                0x00000033       0x33 build/os/tpl_os_timeobj_kernel.c.o
 .ARM.attributes
                0x00000066       0x33 build/os/tpl_os_action.c.o
 .ARM.attributes
                0x00000099       0x33 build/os/tpl_os_error.c.o
 .ARM.attributes
                0x000000cc       0x33 build/autosar/tpl_as_action.c.o
 .ARM.attributes
                0x000000ff       0x33 build/autosar/tpl_as_timing_protec.c.o
 .ARM.attributes
                0x00000132       0x33 build/autosar/tpl_as_protec_hook.c.o
 .ARM.attributes
                0x00000165       0x33 build/control/tpl_control.c.o
 .ARM.attributes
                0x00000198       0x33 build/os/tpl_os_os_kernel.c.o
 .ARM.attributes
                0x000001cb       0x33 build/os/tpl_os_os.c.o
 .ARM.attributes
                0x000001fe       0x33 build/os/tpl_os_interrupt_kernel.c.o
 .ARM.attributes
                0x00000231       0x33 build/os/tpl_os_task_kernel.c.o
 .ARM.attributes
                0x00000264       0x33 build/os/tpl_os_resource_kernel.c.o
 .ARM.attributes
                0x00000297       0x33 build/autosar/tpl_as_counter_kernel.c.o
 .ARM.attributes
                0x000002ca       0x33 build/autosar/tpl_as_st_kernel.c.o
 .ARM.attributes
                0x000002fd       0x33 build/autosar/tpl_as_isr_kernel.c.o
 .ARM.attributes
                0x00000330       0x33 build/autosar/tpl_as_gt_kernel.c.o
 .ARM.attributes
                0x00000363       0x33 build/autosar_tp_s1.c.o
 .ARM.attributes
                0x00000396       0x33 build/task1_instance1.c.o
 .ARM.attributes
                0x000003c9       0x33 build/task1_instance2.c.o
 .ARM.attributes
                0x000003fc       0x33 build/task1_instance3.c.o
 .ARM.attributes
                0x0000042f       0x33 build/task2_instance.c.o
 .ARM.attributes
                0x00000462       0x33 build/task3_instance.c.o
 .ARM.attributes
                0x00000495       0x33 build/task4_instance.c.o
 .ARM.attributes
                0x000004c8       0x33 build/protection_instance1.c.o
 .ARM.attributes
                0x000004fb       0x33 build/protection_instance2.c.o
 .ARM.attributes
                0x0000052e       0x33 build/autosar_tp_s1/tpl_app_config.c.o
 .ARM.attributes
                0x00000561       0x33 build/autosar_tp_s1/tpl_dispatch_table.c.o
 .ARM.attributes
                0x00000594       0x25 build/autosar_tp_s1/tpl_invoque.S.o
 .ARM.attributes
                0x000005b9       0x25 build/autosar_tp_s1/tpl_primary_irq.S.o
 .ARM.attributes
                0x000005de       0x33 build/autosar_tp_s1/tpl_vectors.c.o
 .ARM.attributes
                0x00000611       0x33 build/autosar_tp_s1/tpl_external_interrupts.c.o
 .ARM.attributes
                0x00000644       0x33 build/machines/cortex/tpl_machine_cortex.c.o
 .ARM.attributes
                0x00000677       0x25 build/machines/cortex/tpl_system_call.S.o
 .ARM.attributes
                0x0000069c       0x25 build/machines/cortex/tpl_ctx_switch.S.o
 .ARM.attributes
                0x000006c1       0x25 build/machines/cortex/tpl_startup.S.o
 .ARM.attributes
                0x000006e6       0x33 build/machines/cortex/armv7/stm32f407/tpl_machine_stm32f407.c.o
 .ARM.attributes
                0x00000719       0x33 build/machines/cortex/armv7/stm32f407/startup_stm32f4xx.c.o
 .ARM.attributes
                0x0000074c       0x33 build/machines/cortex/armv7/stm32f407/system_stm32f4xx.c.o
 .ARM.attributes
                0x0000077f       0x33 build/machines/cortex/armv7/stm32f407/handlers_stm32f4xx.c.o
 .ARM.attributes
                0x000007b2       0x30 ../../../trampoline/tests/lib/libembUnit.a(AssertImpl.o)
 .ARM.attributes
                0x000007e2       0x30 ../../../trampoline/tests/lib/libembUnit.a(stdImpl.o)
 .ARM.attributes
                0x00000812       0x30 ../../../trampoline/tests/lib/libembUnit.a(TestCaller.o)
 .ARM.attributes
                0x00000842       0x30 ../../../trampoline/tests/lib/libembUnit.a(TestCase.o)
 .ARM.attributes
                0x00000872       0x30 ../../../trampoline/tests/lib/libembUnit.a(TestResult.o)
 .ARM.attributes
                0x000008a2       0x30 ../../../trampoline/tests/lib/libembUnit.a(TestRunner.o)
 .ARM.attributes
                0x000008d2       0x30 ../../../trampoline/tests/lib/libembUnit.a(SchedulingCheck.o)
 .ARM.attributes
                0x00000902       0x2e /usr/arm-none-eabi/lib/armv7e-m/libnosys.a(close.o)
 .ARM.attributes
                0x00000930       0x2e /usr/arm-none-eabi/lib/armv7e-m/libnosys.a(fstat.o)
 .ARM.attributes
                0x0000095e       0x2e /usr/arm-none-eabi/lib/armv7e-m/libnosys.a(getpid.o)
 .ARM.attributes
                0x0000098c       0x2e /usr/arm-none-eabi/lib/armv7e-m/libnosys.a(isatty.o)
 .ARM.attributes
                0x000009ba       0x2e /usr/arm-none-eabi/lib/armv7e-m/libnosys.a(kill.o)
 .ARM.attributes
                0x000009e8       0x2e /usr/arm-none-eabi/lib/armv7e-m/libnosys.a(lseek.o)
 .ARM.attributes
                0x00000a16       0x2e /usr/arm-none-eabi/lib/armv7e-m/libnosys.a(read.o)
 .ARM.attributes
                0x00000a44       0x2e /usr/arm-none-eabi/lib/armv7e-m/libnosys.a(sbrk.o)
 .ARM.attributes
                0x00000a72       0x2e /usr/arm-none-eabi/lib/armv7e-m/libnosys.a(write.o)
 .ARM.attributes
                0x00000aa0       0x2e /usr/arm-none-eabi/lib/armv7e-m/libnosys.a(_exit.o)
START GROUP
LOAD /usr/arm-none-eabi/lib/armv7e-m/libnosys.a
END GROUP
LOAD /usr/arm-none-eabi/lib/armv7e-m/libc.a
LOAD /usr/lib/gcc/arm-none-eabi/5.2.1/armv7e-m/libgcc.a
OUTPUT(autosar_tp_s1_exe elf32-littlearm)

.debug_info     0x00000000     0xbd17
 .debug_info    0x00000000      0xd50 build/os/tpl_os_kernel.c.o
 .debug_info    0x00000d50      0x3ed build/os/tpl_os_timeobj_kernel.c.o
 .debug_info    0x0000113d      0x462 build/os/tpl_os_action.c.o
 .debug_info    0x0000159f      0x384 build/os/tpl_os_error.c.o
 .debug_info    0x00001923      0x518 build/autosar/tpl_as_action.c.o
 .debug_info    0x00001e3b      0x70c build/autosar/tpl_as_timing_protec.c.o
 .debug_info    0x00002547      0x501 build/autosar/tpl_as_protec_hook.c.o
 .debug_info    0x00002a48      0x6a0 build/control/tpl_control.c.o
 .debug_info    0x000030e8      0x3eb build/os/tpl_os_os_kernel.c.o
 .debug_info    0x000034d3       0xe4 build/os/tpl_os_os.c.o
 .debug_info    0x000035b7      0x58f build/os/tpl_os_interrupt_kernel.c.o
 .debug_info    0x00003b46      0x823 build/os/tpl_os_task_kernel.c.o
 .debug_info    0x00004369      0x860 build/os/tpl_os_resource_kernel.c.o
 .debug_info    0x00004bc9      0x92b build/autosar/tpl_as_counter_kernel.c.o
 .debug_info    0x000054f4      0xa2b build/autosar/tpl_as_st_kernel.c.o
 .debug_info    0x00005f1f      0x818 build/autosar/tpl_as_isr_kernel.c.o
 .debug_info    0x00006737      0x871 build/autosar/tpl_as_gt_kernel.c.o
 .debug_info    0x00006fa8      0x21a build/autosar_tp_s1.c.o
 .debug_info    0x000071c2      0x3f3 build/task1_instance1.c.o
 .debug_info    0x000075b5      0x455 build/task1_instance2.c.o
 .debug_info    0x00007a0a      0x4ac build/task1_instance3.c.o
 .debug_info    0x00007eb6      0x3f3 build/task2_instance.c.o
 .debug_info    0x000082a9      0x3c4 build/task3_instance.c.o
 .debug_info    0x0000866d      0x3c4 build/task4_instance.c.o
 .debug_info    0x00008a31      0x3f0 build/protection_instance1.c.o
 .debug_info    0x00008e21      0x3f0 build/protection_instance2.c.o
 .debug_info    0x00009211      0xe35 build/autosar_tp_s1/tpl_app_config.c.o
 .debug_info    0x0000a046       0xca build/autosar_tp_s1/tpl_dispatch_table.c.o
 .debug_info    0x0000a110       0x75 build/autosar_tp_s1/tpl_invoque.S.o
 .debug_info    0x0000a185       0x79 build/autosar_tp_s1/tpl_primary_irq.S.o
 .debug_info    0x0000a1fe       0xe6 build/autosar_tp_s1/tpl_vectors.c.o
 .debug_info    0x0000a2e4       0xab build/autosar_tp_s1/tpl_external_interrupts.c.o
 .debug_info    0x0000a38f      0x515 build/machines/cortex/tpl_machine_cortex.c.o
 .debug_info    0x0000a8a4       0x8f build/machines/cortex/tpl_system_call.S.o
 .debug_info    0x0000a933       0x8e build/machines/cortex/tpl_ctx_switch.S.o
 .debug_info    0x0000a9c1       0x8b build/machines/cortex/tpl_startup.S.o
 .debug_info    0x0000aa4c      0x717 build/machines/cortex/armv7/stm32f407/tpl_machine_stm32f407.c.o
 .debug_info    0x0000b163      0x290 build/machines/cortex/armv7/stm32f407/startup_stm32f4xx.c.o
 .debug_info    0x0000b3f3      0x5de build/machines/cortex/armv7/stm32f407/system_stm32f4xx.c.o
 .debug_info    0x0000b9d1      0x346 build/machines/cortex/armv7/stm32f407/handlers_stm32f4xx.c.o

.debug_abbrev   0x00000000     0x2bc7
 .debug_abbrev  0x00000000      0x236 build/os/tpl_os_kernel.c.o
 .debug_abbrev  0x00000236      0x138 build/os/tpl_os_timeobj_kernel.c.o
 .debug_abbrev  0x0000036e      0x108 build/os/tpl_os_action.c.o
 .debug_abbrev  0x00000476       0xf1 build/os/tpl_os_error.c.o
 .debug_abbrev  0x00000567       0xec build/autosar/tpl_as_action.c.o
 .debug_abbrev  0x00000653      0x1d7 build/autosar/tpl_as_timing_protec.c.o
 .debug_abbrev  0x0000082a      0x12f build/autosar/tpl_as_protec_hook.c.o
 .debug_abbrev  0x00000959      0x166 build/control/tpl_control.c.o
 .debug_abbrev  0x00000abf      0x10d build/os/tpl_os_os_kernel.c.o
 .debug_abbrev  0x00000bcc       0x7f build/os/tpl_os_os.c.o
 .debug_abbrev  0x00000c4b      0x18d build/os/tpl_os_interrupt_kernel.c.o
 .debug_abbrev  0x00000dd8      0x178 build/os/tpl_os_task_kernel.c.o
 .debug_abbrev  0x00000f50      0x17d build/os/tpl_os_resource_kernel.c.o
 .debug_abbrev  0x000010cd      0x15f build/autosar/tpl_as_counter_kernel.c.o
 .debug_abbrev  0x0000122c      0x1bf build/autosar/tpl_as_st_kernel.c.o
 .debug_abbrev  0x000013eb      0x174 build/autosar/tpl_as_isr_kernel.c.o
 .debug_abbrev  0x0000155f      0x1c8 build/autosar/tpl_as_gt_kernel.c.o
 .debug_abbrev  0x00001727      0x107 build/autosar_tp_s1.c.o
 .debug_abbrev  0x0000182e      0x124 build/task1_instance1.c.o
 .debug_abbrev  0x00001952      0x140 build/task1_instance2.c.o
 .debug_abbrev  0x00001a92      0x140 build/task1_instance3.c.o
 .debug_abbrev  0x00001bd2      0x124 build/task2_instance.c.o
 .debug_abbrev  0x00001cf6      0x124 build/task3_instance.c.o
 .debug_abbrev  0x00001e1a      0x124 build/task4_instance.c.o
 .debug_abbrev  0x00001f3e      0x124 build/protection_instance1.c.o
 .debug_abbrev  0x00002062      0x124 build/protection_instance2.c.o
 .debug_abbrev  0x00002186      0x191 build/autosar_tp_s1/tpl_app_config.c.o
 .debug_abbrev  0x00002317       0x85 build/autosar_tp_s1/tpl_dispatch_table.c.o
 .debug_abbrev  0x0000239c       0x14 build/autosar_tp_s1/tpl_invoque.S.o
 .debug_abbrev  0x000023b0       0x14 build/autosar_tp_s1/tpl_primary_irq.S.o
 .debug_abbrev  0x000023c4       0xa4 build/autosar_tp_s1/tpl_vectors.c.o
 .debug_abbrev  0x00002468       0x65 build/autosar_tp_s1/tpl_external_interrupts.c.o
 .debug_abbrev  0x000024cd      0x1de build/machines/cortex/tpl_machine_cortex.c.o
 .debug_abbrev  0x000026ab       0x14 build/machines/cortex/tpl_system_call.S.o
 .debug_abbrev  0x000026bf       0x14 build/machines/cortex/tpl_ctx_switch.S.o
 .debug_abbrev  0x000026d3       0x14 build/machines/cortex/tpl_startup.S.o
 .debug_abbrev  0x000026e7      0x1a0 build/machines/cortex/armv7/stm32f407/tpl_machine_stm32f407.c.o
 .debug_abbrev  0x00002887      0x125 build/machines/cortex/armv7/stm32f407/startup_stm32f4xx.c.o
 .debug_abbrev  0x000029ac      0x13a build/machines/cortex/armv7/stm32f407/system_stm32f4xx.c.o
 .debug_abbrev  0x00002ae6       0xe1 build/machines/cortex/armv7/stm32f407/handlers_stm32f4xx.c.o

.debug_aranges  0x00000000      0x8b0
 .debug_aranges
                0x00000000       0xd8 build/os/tpl_os_kernel.c.o
 .debug_aranges
                0x000000d8       0x40 build/os/tpl_os_timeobj_kernel.c.o
 .debug_aranges
                0x00000118       0x28 build/os/tpl_os_action.c.o
 .debug_aranges
                0x00000140       0x20 build/os/tpl_os_error.c.o
 .debug_aranges
                0x00000160       0x28 build/autosar/tpl_as_action.c.o
 .debug_aranges
                0x00000188       0x58 build/autosar/tpl_as_timing_protec.c.o
 .debug_aranges
                0x000001e0       0x20 build/autosar/tpl_as_protec_hook.c.o
 .debug_aranges
                0x00000200       0x38 build/control/tpl_control.c.o
 .debug_aranges
                0x00000238       0x30 build/os/tpl_os_os_kernel.c.o
 .debug_aranges
                0x00000268       0x20 build/os/tpl_os_os.c.o
 .debug_aranges
                0x00000288       0x68 build/os/tpl_os_interrupt_kernel.c.o
 .debug_aranges
                0x000002f0       0x48 build/os/tpl_os_task_kernel.c.o
 .debug_aranges
                0x00000338       0x30 build/os/tpl_os_resource_kernel.c.o
 .debug_aranges
                0x00000368       0x30 build/autosar/tpl_as_counter_kernel.c.o
 .debug_aranges
                0x00000398       0x58 build/autosar/tpl_as_st_kernel.c.o
 .debug_aranges
                0x000003f0       0x58 build/autosar/tpl_as_isr_kernel.c.o
 .debug_aranges
                0x00000448       0x40 build/autosar/tpl_as_gt_kernel.c.o
 .debug_aranges
                0x00000488       0x58 build/autosar_tp_s1.c.o
 .debug_aranges
                0x000004e0       0x28 build/task1_instance1.c.o
 .debug_aranges
                0x00000508       0x28 build/task1_instance2.c.o
 .debug_aranges
                0x00000530       0x28 build/task1_instance3.c.o
 .debug_aranges
                0x00000558       0x28 build/task2_instance.c.o
 .debug_aranges
                0x00000580       0x28 build/task3_instance.c.o
 .debug_aranges
                0x000005a8       0x28 build/task4_instance.c.o
 .debug_aranges
                0x000005d0       0x28 build/protection_instance1.c.o
 .debug_aranges
                0x000005f8       0x28 build/protection_instance2.c.o
 .debug_aranges
                0x00000620       0x28 build/autosar_tp_s1/tpl_app_config.c.o
 .debug_aranges
                0x00000648       0x18 build/autosar_tp_s1/tpl_dispatch_table.c.o
 .debug_aranges
                0x00000660       0x20 build/autosar_tp_s1/tpl_invoque.S.o
 .debug_aranges
                0x00000680       0x20 build/autosar_tp_s1/tpl_primary_irq.S.o
 .debug_aranges
                0x000006a0       0x18 build/autosar_tp_s1/tpl_vectors.c.o
 .debug_aranges
                0x000006b8       0x20 build/autosar_tp_s1/tpl_external_interrupts.c.o
 .debug_aranges
                0x000006d8       0x70 build/machines/cortex/tpl_machine_cortex.c.o
 .debug_aranges
                0x00000748       0x20 build/machines/cortex/tpl_system_call.S.o
 .debug_aranges
                0x00000768       0x20 build/machines/cortex/tpl_ctx_switch.S.o
 .debug_aranges
                0x00000788       0x20 build/machines/cortex/tpl_startup.S.o
 .debug_aranges
                0x000007a8       0x48 build/machines/cortex/armv7/stm32f407/tpl_machine_stm32f407.c.o
 .debug_aranges
                0x000007f0       0x38 build/machines/cortex/armv7/stm32f407/startup_stm32f4xx.c.o
 .debug_aranges
                0x00000828       0x30 build/machines/cortex/armv7/stm32f407/system_stm32f4xx.c.o
 .debug_aranges
                0x00000858       0x58 build/machines/cortex/armv7/stm32f407/handlers_stm32f4xx.c.o

.debug_ranges   0x00000000      0x5e8
 .debug_ranges  0x00000000       0xe0 build/os/tpl_os_kernel.c.o
 .debug_ranges  0x000000e0       0x30 build/os/tpl_os_timeobj_kernel.c.o
 .debug_ranges  0x00000110       0x18 build/os/tpl_os_action.c.o
 .debug_ranges  0x00000128       0x10 build/os/tpl_os_error.c.o
 .debug_ranges  0x00000138       0x18 build/autosar/tpl_as_action.c.o
 .debug_ranges  0x00000150       0x48 build/autosar/tpl_as_timing_protec.c.o
 .debug_ranges  0x00000198       0x10 build/autosar/tpl_as_protec_hook.c.o
 .debug_ranges  0x000001a8       0x28 build/control/tpl_control.c.o
 .debug_ranges  0x000001d0       0x20 build/os/tpl_os_os_kernel.c.o
 .debug_ranges  0x000001f0       0x10 build/os/tpl_os_os.c.o
 .debug_ranges  0x00000200       0x58 build/os/tpl_os_interrupt_kernel.c.o
 .debug_ranges  0x00000258       0x38 build/os/tpl_os_task_kernel.c.o
 .debug_ranges  0x00000290       0x20 build/os/tpl_os_resource_kernel.c.o
 .debug_ranges  0x000002b0       0x20 build/autosar/tpl_as_counter_kernel.c.o
 .debug_ranges  0x000002d0       0x48 build/autosar/tpl_as_st_kernel.c.o
 .debug_ranges  0x00000318       0x48 build/autosar/tpl_as_isr_kernel.c.o
 .debug_ranges  0x00000360       0x30 build/autosar/tpl_as_gt_kernel.c.o
 .debug_ranges  0x00000390       0x48 build/autosar_tp_s1.c.o
 .debug_ranges  0x000003d8       0x18 build/task1_instance1.c.o
 .debug_ranges  0x000003f0       0x18 build/task1_instance2.c.o
 .debug_ranges  0x00000408       0x18 build/task1_instance3.c.o
 .debug_ranges  0x00000420       0x18 build/task2_instance.c.o
 .debug_ranges  0x00000438       0x18 build/task3_instance.c.o
 .debug_ranges  0x00000450       0x18 build/task4_instance.c.o
 .debug_ranges  0x00000468       0x18 build/protection_instance1.c.o
 .debug_ranges  0x00000480       0x18 build/protection_instance2.c.o
 .debug_ranges  0x00000498       0x18 build/autosar_tp_s1/tpl_app_config.c.o
 .debug_ranges  0x000004b0       0x10 build/autosar_tp_s1/tpl_external_interrupts.c.o
 .debug_ranges  0x000004c0       0x60 build/machines/cortex/tpl_machine_cortex.c.o
 .debug_ranges  0x00000520       0x38 build/machines/cortex/armv7/stm32f407/tpl_machine_stm32f407.c.o
 .debug_ranges  0x00000558       0x28 build/machines/cortex/armv7/stm32f407/startup_stm32f4xx.c.o
 .debug_ranges  0x00000580       0x20 build/machines/cortex/armv7/stm32f407/system_stm32f4xx.c.o
 .debug_ranges  0x000005a0       0x48 build/machines/cortex/armv7/stm32f407/handlers_stm32f4xx.c.o

.debug_line     0x00000000     0x5598
 .debug_line    0x00000000      0x42f build/os/tpl_os_kernel.c.o
 .debug_line    0x0000042f      0x239 build/os/tpl_os_timeobj_kernel.c.o
 .debug_line    0x00000668      0x227 build/os/tpl_os_action.c.o
 .debug_line    0x0000088f      0x1f4 build/os/tpl_os_error.c.o
 .debug_line    0x00000a83      0x233 build/autosar/tpl_as_action.c.o
 .debug_line    0x00000cb6      0x2d5 build/autosar/tpl_as_timing_protec.c.o
 .debug_line    0x00000f8b      0x272 build/autosar/tpl_as_protec_hook.c.o
 .debug_line    0x000011fd      0x2e1 build/control/tpl_control.c.o
 .debug_line    0x000014de      0x233 build/os/tpl_os_os_kernel.c.o
 .debug_line    0x00001711      0x15f build/os/tpl_os_os.c.o
 .debug_line    0x00001870      0x28d build/os/tpl_os_interrupt_kernel.c.o
 .debug_line    0x00001afd      0x385 build/os/tpl_os_task_kernel.c.o
 .debug_line    0x00001e82      0x327 build/os/tpl_os_resource_kernel.c.o
 .debug_line    0x000021a9      0x309 build/autosar/tpl_as_counter_kernel.c.o
 .debug_line    0x000024b2      0x431 build/autosar/tpl_as_st_kernel.c.o
 .debug_line    0x000028e3      0x2b1 build/autosar/tpl_as_isr_kernel.c.o
 .debug_line    0x00002b94      0x31a build/autosar/tpl_as_gt_kernel.c.o
 .debug_line    0x00002eae      0x238 build/autosar_tp_s1.c.o
 .debug_line    0x000030e6      0x1f8 build/task1_instance1.c.o
 .debug_line    0x000032de      0x23b build/task1_instance2.c.o
 .debug_line    0x00003519      0x28f build/task1_instance3.c.o
 .debug_line    0x000037a8      0x1f7 build/task2_instance.c.o
 .debug_line    0x0000399f      0x16a build/task3_instance.c.o
 .debug_line    0x00003b09      0x166 build/task4_instance.c.o
 .debug_line    0x00003c6f      0x1fc build/protection_instance1.c.o
 .debug_line    0x00003e6b      0x1fc build/protection_instance2.c.o
 .debug_line    0x00004067      0x2c0 build/autosar_tp_s1/tpl_app_config.c.o
 .debug_line    0x00004327      0x115 build/autosar_tp_s1/tpl_dispatch_table.c.o
 .debug_line    0x0000443c      0x29e build/autosar_tp_s1/tpl_invoque.S.o
 .debug_line    0x000046da       0xa2 build/autosar_tp_s1/tpl_primary_irq.S.o
 .debug_line    0x0000477c      0x148 build/autosar_tp_s1/tpl_vectors.c.o
 .debug_line    0x000048c4       0xfb build/autosar_tp_s1/tpl_external_interrupts.c.o
 .debug_line    0x000049bf      0x2c2 build/machines/cortex/tpl_machine_cortex.c.o
 .debug_line    0x00004c81       0xcc build/machines/cortex/tpl_system_call.S.o
 .debug_line    0x00004d4d       0x82 build/machines/cortex/tpl_ctx_switch.S.o
 .debug_line    0x00004dcf       0x66 build/machines/cortex/tpl_startup.S.o
 .debug_line    0x00004e35      0x24a build/machines/cortex/armv7/stm32f407/tpl_machine_stm32f407.c.o
 .debug_line    0x0000507f      0x121 build/machines/cortex/armv7/stm32f407/startup_stm32f4xx.c.o
 .debug_line    0x000051a0      0x1fe build/machines/cortex/armv7/stm32f407/system_stm32f4xx.c.o
 .debug_line    0x0000539e      0x1fa build/machines/cortex/armv7/stm32f407/handlers_stm32f4xx.c.o

.debug_str      0x00000000     0x3047
 .debug_str     0x00000000      0x8fa build/os/tpl_os_kernel.c.o
                                0xa34 (size before relaxing)
 .debug_str     0x000008fa      0x102 build/os/tpl_os_timeobj_kernel.c.o
                                0x3d9 (size before relaxing)
 .debug_str     0x000009fc      0x2a6 build/os/tpl_os_action.c.o
                                0x540 (size before relaxing)
 .debug_str     0x00000ca2       0x48 build/os/tpl_os_error.c.o
                                0x47d (size before relaxing)
 .debug_str     0x00000cea      0x214 build/autosar/tpl_as_action.c.o
                                0x5a3 (size before relaxing)
 .debug_str     0x00000efe      0x144 build/autosar/tpl_as_timing_protec.c.o
                                0x633 (size before relaxing)
 .debug_str     0x00001042       0xb8 build/autosar/tpl_as_protec_hook.c.o
                                0x5bb (size before relaxing)
 .debug_str     0x000010fa       0xb2 build/control/tpl_control.c.o
                                0x5af (size before relaxing)
 .debug_str     0x000011ac       0x7f build/os/tpl_os_os_kernel.c.o
                                0x4d5 (size before relaxing)
 .debug_str     0x0000122b       0x37 build/os/tpl_os_os.c.o
                                0x1f7 (size before relaxing)
 .debug_str     0x00001262      0x1d2 build/os/tpl_os_interrupt_kernel.c.o
                                0x6ab (size before relaxing)
 .debug_str     0x00001434       0xc0 build/os/tpl_os_task_kernel.c.o
                                0x80c (size before relaxing)
 .debug_str     0x000014f4       0xc4 build/os/tpl_os_resource_kernel.c.o
                                0x83e (size before relaxing)
 .debug_str     0x000015b8       0xcf build/autosar/tpl_as_counter_kernel.c.o
                                0x8eb (size before relaxing)
 .debug_str     0x00001687      0x1e2 build/autosar/tpl_as_st_kernel.c.o
                                0x8fd (size before relaxing)
 .debug_str     0x00001869      0x139 build/autosar/tpl_as_isr_kernel.c.o
                                0x85f (size before relaxing)
 .debug_str     0x000019a2      0x115 build/autosar/tpl_as_gt_kernel.c.o
                                0x83c (size before relaxing)
 .debug_str     0x00001ab7       0xb8 build/autosar_tp_s1.c.o
                                0x308 (size before relaxing)
 .debug_str     0x00001b6f      0x205 build/task1_instance1.c.o
                                0x417 (size before relaxing)
 .debug_str     0x00001d74       0x5b build/task1_instance2.c.o
                                0x44c (size before relaxing)
 .debug_str     0x00001dcf       0x6b build/task1_instance3.c.o
                                0x485 (size before relaxing)
 .debug_str     0x00001e3a       0x41 build/task2_instance.c.o
                                0x414 (size before relaxing)
 .debug_str     0x00001e7b       0x41 build/task3_instance.c.o
                                0x3ea (size before relaxing)
 .debug_str     0x00001ebc       0x41 build/task4_instance.c.o
                                0x3ea (size before relaxing)
 .debug_str     0x00001efd       0x59 build/protection_instance1.c.o
                                0x42f (size before relaxing)
 .debug_str     0x00001f56       0x59 build/protection_instance2.c.o
                                0x42f (size before relaxing)
 .debug_str     0x00001faf      0x347 build/autosar_tp_s1/tpl_app_config.c.o
                                0xcec (size before relaxing)
 .debug_str     0x000022f6       0x46 build/autosar_tp_s1/tpl_dispatch_table.c.o
                                0x1e6 (size before relaxing)
 .debug_str     0x0000233c       0x42 build/autosar_tp_s1/tpl_vectors.c.o
                                0x1e2 (size before relaxing)
 .debug_str     0x0000237e       0x45 build/autosar_tp_s1/tpl_external_interrupts.c.o
                                0x1e5 (size before relaxing)
 .debug_str     0x000023c3      0x175 build/machines/cortex/tpl_machine_cortex.c.o
                                0x598 (size before relaxing)
 .debug_str     0x00002538      0x69e build/machines/cortex/armv7/stm32f407/tpl_machine_stm32f407.c.o
                                0x8a7 (size before relaxing)
 .debug_str     0x00002bd6      0x170 build/machines/cortex/armv7/stm32f407/startup_stm32f4xx.c.o
                                0x308 (size before relaxing)
 .debug_str     0x00002d46      0x1e0 build/machines/cortex/armv7/stm32f407/system_stm32f4xx.c.o
                                0x44f (size before relaxing)
 .debug_str     0x00002f26      0x121 build/machines/cortex/armv7/stm32f407/handlers_stm32f4xx.c.o
                                0x34c (size before relaxing)

.comment        0x00000000       0x6e
 .comment       0x00000000       0x6e build/os/tpl_os_kernel.c.o
                                 0x6f (size before relaxing)
 .comment       0x0000006e       0x6f build/os/tpl_os_timeobj_kernel.c.o
 .comment       0x0000006e       0x6f build/os/tpl_os_action.c.o
 .comment       0x0000006e       0x6f build/os/tpl_os_error.c.o
 .comment       0x0000006e       0x6f build/autosar/tpl_as_action.c.o
 .comment       0x0000006e       0x6f build/autosar/tpl_as_timing_protec.c.o
 .comment       0x0000006e       0x6f build/autosar/tpl_as_protec_hook.c.o
 .comment       0x0000006e       0x6f build/control/tpl_control.c.o
 .comment       0x0000006e       0x6f build/os/tpl_os_os_kernel.c.o
 .comment       0x0000006e       0x6f build/os/tpl_os_os.c.o
 .comment       0x0000006e       0x6f build/os/tpl_os_interrupt_kernel.c.o
 .comment       0x0000006e       0x6f build/os/tpl_os_task_kernel.c.o
 .comment       0x0000006e       0x6f build/os/tpl_os_resource_kernel.c.o
 .comment       0x0000006e       0x6f build/autosar/tpl_as_counter_kernel.c.o
 .comment       0x0000006e       0x6f build/autosar/tpl_as_st_kernel.c.o
 .comment       0x0000006e       0x6f build/autosar/tpl_as_isr_kernel.c.o
 .comment       0x0000006e       0x6f build/autosar/tpl_as_gt_kernel.c.o
 .comment       0x0000006e       0x6f build/autosar_tp_s1.c.o
 .comment       0x0000006e       0x6f build/task1_instance1.c.o
 .comment       0x0000006e       0x6f build/task1_instance2.c.o
 .comment       0x0000006e       0x6f build/task1_instance3.c.o
 .comment       0x0000006e       0x6f build/task2_instance.c.o
 .comment       0x0000006e       0x6f build/task3_instance.c.o
 .comment       0x0000006e       0x6f build/task4_instance.c.o
 .comment       0x0000006e       0x6f build/protection_instance1.c.o
 .comment       0x0000006e       0x6f build/protection_instance2.c.o
 .comment       0x0000006e       0x6f build/autosar_tp_s1/tpl_app_config.c.o
 .comment       0x0000006e       0x6f build/autosar_tp_s1/tpl_dispatch_table.c.o
 .comment       0x0000006e       0x6f build/autosar_tp_s1/tpl_vectors.c.o